Archive member included to satisfy reference by file (symbol)

C:/Users/priya/Desktop/STM32CubeIDE_1.16.1/STM32CubeIDE/plugins/com.st.stm32cube.ide.mcu.externaltools.gnu-tools-for-stm32.12.3.rel1.win32_1.0.200.202406191623/tools/bin/../lib/gcc/arm-none-eabi/12.3.1/../../../../arm-none-eabi/lib/thumb/v7-m/nofp\libc_nano.a(libc_a-exit.o)
                              C:/Users/priya/Desktop/STM32CubeIDE_1.16.1/STM32CubeIDE/plugins/com.st.stm32cube.ide.mcu.externaltools.gnu-tools-for-stm32.12.3.rel1.win32_1.0.200.202406191623/tools/bin/../lib/gcc/arm-none-eabi/12.3.1/../../../../arm-none-eabi/lib/thumb/v7-m/nofp/crt0.o (exit)
C:/Users/priya/Desktop/STM32CubeIDE_1.16.1/STM32CubeIDE/plugins/com.st.stm32cube.ide.mcu.externaltools.gnu-tools-for-stm32.12.3.rel1.win32_1.0.200.202406191623/tools/bin/../lib/gcc/arm-none-eabi/12.3.1/../../../../arm-none-eabi/lib/thumb/v7-m/nofp\libc_nano.a(libc_a-findfp.o)
                              C:/Users/priya/Desktop/STM32CubeIDE_1.16.1/STM32CubeIDE/plugins/com.st.stm32cube.ide.mcu.externaltools.gnu-tools-for-stm32.12.3.rel1.win32_1.0.200.202406191623/tools/bin/../lib/gcc/arm-none-eabi/12.3.1/../../../../arm-none-eabi/lib/thumb/v7-m/nofp\libc_nano.a(libc_a-exit.o) (__stdio_exit_handler)
C:/Users/priya/Desktop/STM32CubeIDE_1.16.1/STM32CubeIDE/plugins/com.st.stm32cube.ide.mcu.externaltools.gnu-tools-for-stm32.12.3.rel1.win32_1.0.200.202406191623/tools/bin/../lib/gcc/arm-none-eabi/12.3.1/../../../../arm-none-eabi/lib/thumb/v7-m/nofp\libc_nano.a(libc_a-fwalk.o)
                              C:/Users/priya/Desktop/STM32CubeIDE_1.16.1/STM32CubeIDE/plugins/com.st.stm32cube.ide.mcu.externaltools.gnu-tools-for-stm32.12.3.rel1.win32_1.0.200.202406191623/tools/bin/../lib/gcc/arm-none-eabi/12.3.1/../../../../arm-none-eabi/lib/thumb/v7-m/nofp\libc_nano.a(libc_a-findfp.o) (_fwalk_sglue)
C:/Users/priya/Desktop/STM32CubeIDE_1.16.1/STM32CubeIDE/plugins/com.st.stm32cube.ide.mcu.externaltools.gnu-tools-for-stm32.12.3.rel1.win32_1.0.200.202406191623/tools/bin/../lib/gcc/arm-none-eabi/12.3.1/../../../../arm-none-eabi/lib/thumb/v7-m/nofp\libc_nano.a(libc_a-stdio.o)
                              C:/Users/priya/Desktop/STM32CubeIDE_1.16.1/STM32CubeIDE/plugins/com.st.stm32cube.ide.mcu.externaltools.gnu-tools-for-stm32.12.3.rel1.win32_1.0.200.202406191623/tools/bin/../lib/gcc/arm-none-eabi/12.3.1/../../../../arm-none-eabi/lib/thumb/v7-m/nofp\libc_nano.a(libc_a-findfp.o) (__sread)
C:/Users/priya/Desktop/STM32CubeIDE_1.16.1/STM32CubeIDE/plugins/com.st.stm32cube.ide.mcu.externaltools.gnu-tools-for-stm32.12.3.rel1.win32_1.0.200.202406191623/tools/bin/../lib/gcc/arm-none-eabi/12.3.1/../../../../arm-none-eabi/lib/thumb/v7-m/nofp\libc_nano.a(libc_a-memset.o)
                              C:/Users/priya/Desktop/STM32CubeIDE_1.16.1/STM32CubeIDE/plugins/com.st.stm32cube.ide.mcu.externaltools.gnu-tools-for-stm32.12.3.rel1.win32_1.0.200.202406191623/tools/bin/../lib/gcc/arm-none-eabi/12.3.1/../../../../arm-none-eabi/lib/thumb/v7-m/nofp/crt0.o (memset)
C:/Users/priya/Desktop/STM32CubeIDE_1.16.1/STM32CubeIDE/plugins/com.st.stm32cube.ide.mcu.externaltools.gnu-tools-for-stm32.12.3.rel1.win32_1.0.200.202406191623/tools/bin/../lib/gcc/arm-none-eabi/12.3.1/../../../../arm-none-eabi/lib/thumb/v7-m/nofp\libc_nano.a(libc_a-closer.o)
                              C:/Users/priya/Desktop/STM32CubeIDE_1.16.1/STM32CubeIDE/plugins/com.st.stm32cube.ide.mcu.externaltools.gnu-tools-for-stm32.12.3.rel1.win32_1.0.200.202406191623/tools/bin/../lib/gcc/arm-none-eabi/12.3.1/../../../../arm-none-eabi/lib/thumb/v7-m/nofp\libc_nano.a(libc_a-stdio.o) (_close_r)
C:/Users/priya/Desktop/STM32CubeIDE_1.16.1/STM32CubeIDE/plugins/com.st.stm32cube.ide.mcu.externaltools.gnu-tools-for-stm32.12.3.rel1.win32_1.0.200.202406191623/tools/bin/../lib/gcc/arm-none-eabi/12.3.1/../../../../arm-none-eabi/lib/thumb/v7-m/nofp\libc_nano.a(libc_a-reent.o)
                              C:/Users/priya/Desktop/STM32CubeIDE_1.16.1/STM32CubeIDE/plugins/com.st.stm32cube.ide.mcu.externaltools.gnu-tools-for-stm32.12.3.rel1.win32_1.0.200.202406191623/tools/bin/../lib/gcc/arm-none-eabi/12.3.1/../../../../arm-none-eabi/lib/thumb/v7-m/nofp\libc_nano.a(libc_a-closer.o) (errno)
C:/Users/priya/Desktop/STM32CubeIDE_1.16.1/STM32CubeIDE/plugins/com.st.stm32cube.ide.mcu.externaltools.gnu-tools-for-stm32.12.3.rel1.win32_1.0.200.202406191623/tools/bin/../lib/gcc/arm-none-eabi/12.3.1/../../../../arm-none-eabi/lib/thumb/v7-m/nofp\libc_nano.a(libc_a-impure.o)
                              C:/Users/priya/Desktop/STM32CubeIDE_1.16.1/STM32CubeIDE/plugins/com.st.stm32cube.ide.mcu.externaltools.gnu-tools-for-stm32.12.3.rel1.win32_1.0.200.202406191623/tools/bin/../lib/gcc/arm-none-eabi/12.3.1/../../../../arm-none-eabi/lib/thumb/v7-m/nofp\libc_nano.a(libc_a-reent.o) (_impure_ptr)
[...]
Memory Configuration

Name             Origin             Length             Attributes
RAM              0x20000000         0x00020000         xrw
FLASH            0x08000000         0x00080000         xr
*default*        0x00000000         0xffffffff

Linker script and memory map

LOAD C:/Users/priya/Desktop/STM32CubeIDE_1.16.1/STM32CubeIDE/plugins/com.st.stm32cube.ide.mcu.externaltools.gnu-tools-for-stm32.12.3.rel1.win32_1.0.200.202406191623/tools/bin/../lib/gcc/arm-none-eabi/12.3.1/thumb/v7-m/nofp/crti.o
LOAD C:/Users/priya/Desktop/STM32CubeIDE_1.16.1/STM32CubeIDE/plugins/com.st.stm32cube.ide.mcu.externaltools.gnu-tools-for-stm32.12.3.rel1.win32_1.0.200.202406191623/tools/bin/../lib/gcc/arm-none-eabi/12.3.1/thumb/v7-m/nofp/crtbegin.o
LOAD C:/Users/priya/Desktop/STM32CubeIDE_1.16.1/STM32CubeIDE/plugins/com.st.stm32cube.ide.mcu.externaltools.gnu-tools-for-stm32.12.3.rel1.win32_1.0.200.202406191623/tools/bin/../lib/gcc/arm-none-eabi/12.3.1/../../../../arm-none-eabi/lib/thumb/v7-m/nofp/crt0.o
LOAD ./Core/Src/controller.o
LOAD ./Core/Src/encoders.o
LOAD ./Core/Src/main.o
LOAD ./Core/Src/motors.o
LOAD ./Core/Src/pid.o
LOAD ./Core/Src/stm32f2xx_hal_msp.o
LOAD ./Core/Src/stm32f2xx_it.o
LOAD ./Core/Src/syscalls.o
LOAD ./Core/Src/sysmem.o
LOAD ./Core/Src/system_stm32f2xx.o
LOAD ./Core/Src/systick.o
LOAD ./Core/Startup/startup_stm32f205retx.o
LOAD ./Drivers/STM32F2xx_HAL_Driver/Src/stm32f2xx_hal.o
LOAD ./Drivers/STM32F2xx_HAL_Driver/Src/stm32f2xx_hal_adc.o
LOAD ./Drivers/STM32F2xx_HAL_Driver/Src/stm32f2xx_hal_adc_ex.o
LOAD ./Drivers/STM32F2xx_HAL_Driver/Src/stm32f2xx_hal_cortex.o
LOAD ./Drivers/STM32F2xx_HAL_Driver/Src/stm32f2xx_hal_dma.o
LOAD ./Drivers/STM32F2xx_HAL_Driver/Src/stm32f2xx_hal_dma_ex.o
LOAD ./Drivers/STM32F2xx_HAL_Driver/Src/stm32f2xx_hal_exti.o
LOAD ./Drivers/STM32F2xx_HAL_Driver/Src/stm32f2xx_hal_flash.o
LOAD ./Drivers/STM32F2xx_HAL_Driver/Src/stm32f2xx_hal_flash_ex.o
LOAD ./Drivers/STM32F2xx_HAL_Driver/Src/stm32f2xx_hal_gpio.o
LOAD ./Drivers/STM32F2xx_HAL_Driver/Src/stm32f2xx_hal_pwr.o
LOAD ./Drivers/STM32F2xx_HAL_Driver/Src/stm32f2xx_hal_pwr_ex.o
LOAD ./Drivers/STM32F2xx_HAL_Driver/Src/stm32f2xx_hal_rcc.o
LOAD ./Drivers/STM32F2xx_HAL_Driver/Src/stm32f2xx_hal_rcc_ex.o
LOAD ./Drivers/STM32F2xx_HAL_Driver/Src/stm32f2xx_hal_tim.o
LOAD ./Drivers/STM32F2xx_HAL_Driver/Src/stm32f2xx_hal_tim_ex.o
START GROUP
LOAD C:/Users/priya/Desktop/STM32CubeIDE_1.16.1/STM32CubeIDE/plugins/com.st.stm32cube.ide.mcu.externaltools.gnu-tools-for-stm32.12.3.rel1.win32_1.0.200.202406191623/tools/bin/../lib/gcc/arm-none-eabi/12.3.1/../../../../arm-none-eabi/lib/thumb/v7-m/nofp\libc_nano.a
LOAD C:/Users/priya/Desktop/STM32CubeIDE_1.16.1/STM32CubeIDE/plugins/com.st.stm32cube.ide.mcu.externaltools.gnu-tools-for-stm32.12.3.rel1.win32_1.0.200.202406191623/tools/bin/../lib/gcc/arm-none-eabi/12.3.1/../../../../arm-none-eabi/lib/thumb/v7-m/nofp\libm.a
END GROUP
START GROUP
LOAD C:/Users/priya/Desktop/STM32CubeIDE_1.16.1/STM32CubeIDE/plugins/com.st.stm32cube.ide.mcu.externaltools.gnu-tools-for-stm32.12.3.rel1.win32_1.0.200.202406191623/tools/bin/../lib/gcc/arm-none-eabi/12.3.1/thumb/v7-m/nofp\libgcc.a
LOAD C:/Users/priya/Desktop/STM32CubeIDE_1.16.1/STM32CubeIDE/plugins/com.st.stm32cube.ide.mcu.externaltools.gnu-tools-for-stm32.12.3.rel1.win32_1.0.200.202406191623/tools/bin/../lib/gcc/arm-none-eabi/12.3.1/../../../../arm-none-eabi/lib/thumb/v7-m/nofp\libc_nano.a
END GROUP
START GROUP
LOAD C:/Users/priya/Desktop/STM32CubeIDE_1.16.1/STM32CubeIDE/plugins/com.st.stm32cube.ide.mcu.externaltools.gnu-tools-for-stm32.12.3.rel1.win32_1.0.200.202406191623/tools/bin/../lib/gcc/arm-none-eabi/12.3.1/thumb/v7-m/nofp\libgcc.a
LOAD C:/Users/priya/Desktop/STM32CubeIDE_1.16.1/STM32CubeIDE/plugins/com.st.stm32cube.ide.mcu.externaltools.gnu-tools-for-stm32.12.3.rel1.win32_1.0.200.202406191623/tools/bin/../lib/gcc/arm-none-eabi/12.3.1/../../../../arm-none-eabi/lib/thumb/v7-m/nofp\libc_nano.a
LOAD C:/Users/priya/Desktop/STM32CubeIDE_1.16.1/STM32CubeIDE/plugins/com.st.stm32cube.ide.mcu.externaltools.gnu-tools-for-stm32.12.3.rel1.win32_1.0.200.202406191623/tools/bin/../lib/gcc/arm-none-eabi/12.3.1/../../../../arm-none-eabi/lib/thumb/v7-m/nofp\libnosys.a
END GROUP
START GROUP
LOAD C:/Users/priya/Desktop/STM32CubeIDE_1.16.1/STM32CubeIDE/plugins/com.st.stm32cube.ide.mcu.externaltools.gnu-tools-for-stm32.12.3.rel1.win32_1.0.200.202406191623/tools/bin/../lib/gcc/arm-none-eabi/12.3.1/thumb/v7-m/nofp\libgcc.a
LOAD C:/Users/priya/Desktop/STM32CubeIDE_1.16.1/STM32CubeIDE/plugins/com.st.stm32cube.ide.mcu.externaltools.gnu-tools-for-stm32.12.3.rel1.win32_1.0.200.202406191623/tools/bin/../lib/gcc/arm-none-eabi/12.3.1/../../../../arm-none-eabi/lib/thumb/v7-m/nofp\libc_nano.a
LOAD C:/Users/priya/Desktop/STM32CubeIDE_1.16.1/STM32CubeIDE/plugins/com.st.stm32cube.ide.mcu.externaltools.gnu-tools-for-stm32.12.3.rel1.win32_1.0.200.202406191623/tools/bin/../lib/gcc/arm-none-eabi/12.3.1/../../../../arm-none-eabi/lib/thumb/v7-m/nofp\libnosys.a
END GROUP
LOAD C:/Users/priya/Desktop/STM32CubeIDE_1.16.1/STM32CubeIDE/plugins/com.st.stm32cube.ide.mcu.externaltools.gnu-tools-for-stm32.12.3.rel1.win32_1.0.200.202406191623/tools/bin/../lib/gcc/arm-none-eabi/12.3.1/thumb/v7-m/nofp/crtend.o
LOAD C:/Users/priya/Desktop/STM32CubeIDE_1.16.1/STM32CubeIDE/plugins/com.st.stm32cube.ide.mcu.externaltools.gnu-tools-for-stm32.12.3.rel1.win32_1.0.200.202406191623/tools/bin/../lib/gcc/arm-none-eabi/12.3.1/thumb/v7-m/nofp/crtn.o
                0x20020000                        _estack = (ORIGIN (RAM) + LENGTH (RAM))
                0x00000200                        _Min_Heap_Size = 0x200
                0x00000400                        _Min_Stack_Size = 0x400

.isr_vector     0x08000000      0x184
                0x08000000                        . = ALIGN (0x4)
 *(.isr_vector)
 .isr_vector    0x08000000      0x184 ./Core/Startup/startup_stm32f205retx.o
                0x08000000                g_pfnVectors
                0x08000184                        . = ALIGN (0x4)

.text           0x08000188     0x4938
                0x08000188                        . = ALIGN (0x4)
 *(.text)
 .text          0x08000188       0x40 C:/Users/priya/Desktop/STM32CubeIDE_1.16.1/STM32CubeIDE/plugins/com.st.stm32cube.ide.mcu.externaltools.gnu-tools-for-stm32.12.3.rel1.win32_1.0.200.202406191623/tools/bin/../lib/gcc/arm-none-eabi/12.3.1/thumb/v7-m/nofp/crtbegin.o
 .text          0x080001c8      0x254 C:/Users/priya/Desktop/STM32CubeIDE_1.16.1/STM32CubeIDE/plugins/com.st.stm32cube.ide.mcu.externaltools.gnu-tools-for-stm32.12.3.rel1.win32_1.0.200.202406191623/tools/bin/../lib/gcc/arm-none-eabi/12.3.1/thumb/v7-m/nofp\libgcc.a(_arm_muldf3.o)
                0x080001c8                __muldf3
                0x080001c8                __aeabi_dmul
 .text          0x0800041c      0x378 C:/Users/priya/Desktop/STM32CubeIDE_1.16.1/STM32CubeIDE/plugins/com.st.stm32cube.ide.mcu.externaltools.gnu-tools-for-stm32.12.3.rel1.win32_1.0.200.202406191623/tools/bin/../lib/gcc/arm-none-eabi/12.3.1/thumb/v7-m/nofp\libgcc.a(_arm_addsubdf3.o)
                0x0800041c                __aeabi_drsub
                0x08000424                __aeabi_dsub
                0x08000424                __subdf3
                0x08000428                __aeabi_dadd
                0x08000428                __adddf3
                0x080006a0                __floatunsidf
                0x080006a0                __aeabi_ui2d
                0x080006c0                __floatsidf
                0x080006c0                __aeabi_i2d
                0x080006e4                __aeabi_f2d
                0x080006e4                __extendsfdf2
                0x08000728                __floatundidf
                0x08000728                __aeabi_ul2d
                0x08000738                __floatdidf
                0x08000738                __aeabi_l2d
 .text          0x08000794      0x110 C:/Users/priya/Desktop/STM32CubeIDE_1.16.1/STM32CubeIDE/plugins/com.st.stm32cube.ide.mcu.externaltools.gnu-tools-for-stm32.12.3.rel1.win32_1.0.200.202406191623/tools/bin/../lib/gcc/arm-none-eabi/12.3.1/thumb/v7-m/nofp\libgcc.a(_arm_cmpdf2.o)
                0x08000794                __gtdf2
                0x08000794                __gedf2
                0x0800079c                __ltdf2
                0x0800079c                __ledf2
                0x080007a4                __nedf2
                0x080007a4                __eqdf2
                0x080007a4                __cmpdf2
                0x08000820                __aeabi_cdrcmple
                0x08000830                __aeabi_cdcmpeq
                0x08000830                __aeabi_cdcmple
                0x08000840                __aeabi_dcmpeq
                0x08000854                __aeabi_dcmplt
                0x08000868                __aeabi_dcmple
                0x0800087c                __aeabi_dcmpge
                0x08000890                __aeabi_dcmpgt
 .text          0x080008a4       0xa0 C:/Users/priya/Desktop/STM32CubeIDE_1.16.1/STM32CubeIDE/plugins/com.st.stm32cube.ide.mcu.externaltools.gnu-tools-for-stm32.12.3.rel1.win32_1.0.200.202406191623/tools/bin/../lib/gcc/arm-none-eabi/12.3.1/thumb/v7-m/nofp\libgcc.a(_arm_truncdfsf2.o)
                0x080008a4                __truncdfsf2
                0x080008a4                __aeabi_d2f
 .text          0x08000944      0x21c C:/Users/priya/Desktop/STM32CubeIDE_1.16.1/STM32CubeIDE/plugins/com.st.stm32cube.ide.mcu.externaltools.gnu-tools-for-stm32.12.3.rel1.win32_1.0.200.202406191623/tools/bin/../lib/gcc/arm-none-eabi/12.3.1/thumb/v7-m/nofp\libgcc.a(_arm_addsubsf3.o)
                0x08000944                __aeabi_frsub
                0x0800094c                __subsf3
                0x0800094c                __aeabi_fsub
                0x08000950                __aeabi_fadd
                0x08000950                __addsf3
                0x08000ab0                __aeabi_ui2f
                0x08000ab0                __floatunsisf
                0x08000ab8                __aeabi_i2f
                0x08000ab8                __floatsisf
                0x08000ad4                __aeabi_ul2f
                0x08000ad4                __floatundisf
                0x08000ae4                __aeabi_l2f
                0x08000ae4                __floatdisf
 .text          0x08000b60      0x2a0 C:/Users/priya/Desktop/STM32CubeIDE_1.16.1/STM32CubeIDE/plugins/com.st.stm32cube.ide.mcu.externaltools.gnu-tools-for-stm32.12.3.rel1.win32_1.0.200.202406191623/tools/bin/../lib/gcc/arm-none-eabi/12.3.1/thumb/v7-m/nofp\libgcc.a(_arm_muldivsf3.o)
                0x08000b60                __mulsf3
                0x08000b60                __aeabi_fmul
                0x08000cc8                __aeabi_fdiv
                0x08000cc8                __divsf3
 .text          0x08000e00       0xec C:/Users/priya/Desktop/STM32CubeIDE_1.16.1/STM32CubeIDE/plugins/com.st.stm32cube.ide.mcu.externaltools.gnu-tools-for-stm32.12.3.rel1.win32_1.0.200.202406191623/tools/bin/../lib/gcc/arm-none-eabi/12.3.1/thumb/v7-m/nofp\libgcc.a(_arm_cmpsf2.o)
                0x08000e00                __gesf2
                0x08000e00                __gtsf2
                0x08000e08                __lesf2
                0x08000e08                __ltsf2
                0x08000e10                __nesf2
                0x08000e10                __eqsf2
                0x08000e10                __cmpsf2
                0x08000e70                __aeabi_cfrcmple
                0x08000e78                __aeabi_cfcmpeq
                0x08000e78                __aeabi_cfcmple
                0x08000e88                __aeabi_fcmpeq
                0x08000e9c                __aeabi_fcmplt
                0x08000eb0                __aeabi_fcmple
                0x08000ec4                __aeabi_fcmpge
                0x08000ed8                __aeabi_fcmpgt
 .text          0x08000eec       0x4c C:/Users/priya/Desktop/STM32CubeIDE_1.16.1/STM32CubeIDE/plugins/com.st.stm32cube.ide.mcu.externaltools.gnu-tools-for-stm32.12.3.rel1.win32_1.0.200.202406191623/tools/bin/../lib/gcc/arm-none-eabi/12.3.1/thumb/v7-m/nofp\libgcc.a(_arm_fixsfsi.o)
                0x08000eec                __aeabi_f2iz
                0x08000eec                __fixsfsi
 .text          0x08000f38       0x40 C:/Users/priya/Desktop/STM32CubeIDE_1.16.1/STM32CubeIDE/plugins/com.st.stm32cube.ide.mcu.externaltools.gnu-tools-for-stm32.12.3.rel1.win32_1.0.200.202406191623/tools/bin/../lib/gcc/arm-none-eabi/12.3.1/thumb/v7-m/nofp\libgcc.a(_arm_fixunssfsi.o)
                0x08000f38                __fixunssfsi
                0x08000f38                __aeabi_f2uiz
 .text          0x08000f78       0x30 C:/Users/priya/Desktop/STM32CubeIDE_1.16.1/STM32CubeIDE/plugins/com.st.stm32cube.ide.mcu.externaltools.gnu-tools-for-stm32.12.3.rel1.win32_1.0.200.202406191623/tools/bin/../lib/gcc/arm-none-eabi/12.3.1/thumb/v7-m/nofp\libgcc.a(_aeabi_uldivmod.o)
                0x08000f78                __aeabi_uldivmod
 .text          0x08000fa8      0x2b8 C:/Users/priya/Desktop/STM32CubeIDE_1.16.1/STM32CubeIDE/plugins/com.st.stm32cube.ide.mcu.externaltools.gnu-tools-for-stm32.12.3.rel1.win32_1.0.200.202406191623/tools/bin/../lib/gcc/arm-none-eabi/12.3.1/thumb/v7-m/nofp\libgcc.a(_udivmoddi4.o)
                0x08000fa8                __udivmoddi4
 .text          0x08001260        0x4 C:/Users/priya/Desktop/STM32CubeIDE_1.16.1/STM32CubeIDE/plugins/com.st.stm32cube.ide.mcu.externaltools.gnu-tools-for-stm32.12.3.rel1.win32_1.0.200.202406191623/tools/bin/../lib/gcc/arm-none-eabi/12.3.1/thumb/v7-m/nofp\libgcc.a(_dvmd_tls.o)
                0x08001260                __aeabi_idiv0
                0x08001260                __aeabi_ldiv0
 *(.text*)
 .text.turn     0x08001264       0x44 ./Core/Src/controller.o
                0x08001264                turn
 .text.getRightEncoderCounts
                0x080012a8       0x14 ./Core/Src/encoders.o
                0x080012a8                getRightEncoderCounts
 .text.getLeftEncoderCounts
                0x080012bc       0x18 ./Core/Src/encoders.o
                0x080012bc                getLeftEncoderCounts
 .text.resetEncoders
                0x080012d4       0x20 ./Core/Src/encoders.o
                0x080012d4                resetEncoders
 .text.main     0x080012f4       0x94 ./Core/Src/main.o
                0x080012f4                main
 .text.SystemClock_Config
                0x08001388       0x76 ./Core/Src/main.o
                0x08001388                SystemClock_Config
 *fill*         0x080013fe        0x2 
 .text.MX_ADC1_Init
                0x08001400       0xa4 ./Core/Src/main.o
 .text.MX_TIM1_Init
                0x080014a4       0xb0 ./Core/Src/main.o
 .text.MX_TIM2_Init
                0x08001554       0xa8 ./Core/Src/main.o
 .text.MX_TIM3_Init
                0x080015fc       0xb4 ./Core/Src/main.o
 .text.MX_TIM4_Init
                0x080016b0       0xe0 ./Core/Src/main.o
 .text.MX_DMA_Init
                0x08001790       0x40 ./Core/Src/main.o
 .text.MX_GPIO_Init
                0x080017d0       0xfc ./Core/Src/main.o
 .text.Error_Handler
                0x080018cc        0xc ./Core/Src/main.o
                0x080018cc                Error_Handler
 .text.limitPWM
                0x080018d8       0x60 ./Core/Src/motors.o
                0x080018d8                limitPWM
 .text.setMotorLPWM
                0x08001938       0x70 ./Core/Src/motors.o
                0x08001938                setMotorLPWM
 .text.setMotorRPWM
                0x080019a8       0x74 ./Core/Src/motors.o
                0x080019a8                setMotorRPWM
 .text.resetMotors
                0x08001a1c       0x18 ./Core/Src/motors.o
                0x08001a1c                resetMotors
 .text.resetPID
                0x08001a34       0x68 ./Core/Src/pid.o
                0x08001a34                resetPID
 *fill*         0x08001a9c        0x4 
 .text.updatePID
                0x08001aa0      0x280 ./Core/Src/pid.o
                0x08001aa0                updatePID
 .text.setPIDGoalD
                0x08001d20       0x20 ./Core/Src/pid.o
                0x08001d20                setPIDGoalD
 .text.setPIDGoalA
                0x08001d40       0x20 ./Core/Src/pid.o
                0x08001d40                setPIDGoalA
 .text.PIDdone  0x08001d60       0x18 ./Core/Src/pid.o
                0x08001d60                PIDdone
 .text.HAL_MspInit
                0x08001d78       0x4c ./Core/Src/stm32f2xx_hal_msp.o
                0x08001d78                HAL_MspInit
 .text.HAL_ADC_MspInit
                0x08001dc4      0x160 ./Core/Src/stm32f2xx_hal_msp.o
                0x08001dc4                HAL_ADC_MspInit
 .text.HAL_TIM_Encoder_MspInit
                0x08001f24       0xf4 ./Core/Src/stm32f2xx_hal_msp.o
                0x08001f24                HAL_TIM_Encoder_MspInit
 .text.HAL_TIM_PWM_MspInit
                0x08002018       0x8c ./Core/Src/stm32f2xx_hal_msp.o
                0x08002018                HAL_TIM_PWM_MspInit
 .text.HAL_TIM_MspPostInit
                0x080020a4       0xc4 ./Core/Src/stm32f2xx_hal_msp.o
                0x080020a4                HAL_TIM_MspPostInit
 .text.NMI_Handler
                0x08002168        0x8 ./Core/Src/stm32f2xx_it.o
                0x08002168                NMI_Handler
 .text.HardFault_Handler
                0x08002170        0x8 ./Core/Src/stm32f2xx_it.o
                0x08002170                HardFault_Handler
 .text.MemManage_Handler
                0x08002178        0x8 ./Core/Src/stm32f2xx_it.o
                0x08002178                MemManage_Handler
 .text.BusFault_Handler
                0x08002180        0x8 ./Core/Src/stm32f2xx_it.o
                0x08002180                BusFault_Handler
 .text.UsageFault_Handler
                0x08002188        0x8 ./Core/Src/stm32f2xx_it.o
                0x08002188                UsageFault_Handler
 .text.SVC_Handler
                0x08002190        0xc ./Core/Src/stm32f2xx_it.o
                0x08002190                SVC_Handler
 .text.DebugMon_Handler
                0x0800219c        0xc ./Core/Src/stm32f2xx_it.o
                0x0800219c                DebugMon_Handler
 .text.PendSV_Handler
                0x080021a8        0xc ./Core/Src/stm32f2xx_it.o
                0x080021a8                PendSV_Handler
 .text.SysTick_Handler
                0x080021b4       0x10 ./Core/Src/stm32f2xx_it.o
                0x080021b4                SysTick_Handler
 .text.TIM3_IRQHandler
                0x080021c4       0x14 ./Core/Src/stm32f2xx_it.o
                0x080021c4                TIM3_IRQHandler
 .text.TIM4_IRQHandler
                0x080021d8       0x14 ./Core/Src/stm32f2xx_it.o
                0x080021d8                TIM4_IRQHandler
 .text.DMA2_Stream0_IRQHandler
                0x080021ec       0x14 ./Core/Src/stm32f2xx_it.o
                0x080021ec                DMA2_Stream0_IRQHandler
 .text.SystemInit
                0x08002200        0xc ./Core/Src/system_stm32f2xx.o
                0x08002200                SystemInit
 .text.SysTickFunction
                0x0800220c       0x7c ./Core/Src/systick.o
                0x0800220c                SysTickFunction
 .text.Reset_Handler
                0x08002288       0x50 ./Core/Startup/startup_stm32f205retx.o
                0x08002288                Reset_Handler
 .text.Default_Handler
                0x080022d8        0x2 ./Core/Startup/startup_stm32f205retx.o
                0x080022d8                RTC_Alarm_IRQHandler
                0x080022d8                HASH_RNG_IRQHandler
                0x080022d8                EXTI2_IRQHandler
                0x080022d8                TIM8_CC_IRQHandler
                0x080022d8                TIM1_CC_IRQHandler
                0x080022d8                DMA2_Stream5_IRQHandler
                0x080022d8                DMA1_Stream5_IRQHandler
                0x080022d8                PVD_IRQHandler
                0x080022d8                SDIO_IRQHandler
                0x080022d8                TAMP_STAMP_IRQHandler
                0x080022d8                CAN2_RX1_IRQHandler
                0x080022d8                EXTI3_IRQHandler
                0x080022d8                TIM8_TRG_COM_TIM14_IRQHandler
                0x080022d8                TIM1_UP_TIM10_IRQHandler
                0x080022d8                TIM8_UP_TIM13_IRQHandler
                0x080022d8                I2C3_ER_IRQHandler
                0x080022d8                EXTI0_IRQHandler
                0x080022d8                I2C2_EV_IRQHandler
                0x080022d8                DMA1_Stream2_IRQHandler
                0x080022d8                CAN1_RX0_IRQHandler
                0x080022d8                OTG_HS_WKUP_IRQHandler
                0x080022d8                CAN2_SCE_IRQHandler
                0x080022d8                DMA2_Stream2_IRQHandler
                0x080022d8                SPI1_IRQHandler
                0x080022d8                TIM6_DAC_IRQHandler
                0x080022d8                TIM1_BRK_TIM9_IRQHandler
                0x080022d8                CAN2_RX0_IRQHandler
                0x080022d8                DMA2_Stream3_IRQHandler
                0x080022d8                USART6_IRQHandler
                0x080022d8                USART3_IRQHandler
                0x080022d8                CAN1_RX1_IRQHandler
                0x080022d8                UART5_IRQHandler
                0x080022d8                I2C1_EV_IRQHandler
                0x080022d8                DMA1_Stream6_IRQHandler
                0x080022d8                DMA1_Stream1_IRQHandler
                0x080022d8                UART4_IRQHandler
                0x080022d8                RCC_IRQHandler
                0x080022d8                TIM8_BRK_TIM12_IRQHandler
                0x080022d8                Default_Handler
                0x080022d8                EXTI15_10_IRQHandler
                0x080022d8                ADC_IRQHandler
                0x080022d8                DMA1_Stream7_IRQHandler
                0x080022d8                TIM7_IRQHandler
                0x080022d8                CAN2_TX_IRQHandler
                0x080022d8                TIM5_IRQHandler
                0x080022d8                DMA2_Stream7_IRQHandler
                0x080022d8                I2C3_EV_IRQHandler
                0x080022d8                EXTI9_5_IRQHandler
                0x080022d8                RTC_WKUP_IRQHandler
                0x080022d8                SPI2_IRQHandler
                0x080022d8                OTG_HS_EP1_IN_IRQHandler
                0x080022d8                DMA1_Stream0_IRQHandler
                0x080022d8                CAN1_TX_IRQHandler
                0x080022d8                EXTI4_IRQHandler
                0x080022d8                FSMC_IRQHandler
                0x080022d8                OTG_HS_EP1_OUT_IRQHandler
                0x080022d8                WWDG_IRQHandler
                0x080022d8                TIM2_IRQHandler
                0x080022d8                OTG_FS_WKUP_IRQHandler
                0x080022d8                TIM1_TRG_COM_TIM11_IRQHandler
                0x080022d8                OTG_HS_IRQHandler
                0x080022d8                EXTI1_IRQHandler
                0x080022d8                USART2_IRQHandler
                0x080022d8                I2C2_ER_IRQHandler
                0x080022d8                DMA2_Stream1_IRQHandler
                0x080022d8                CAN1_SCE_IRQHandler
                0x080022d8                FLASH_IRQHandler
                0x080022d8                DMA2_Stream4_IRQHandler
                0x080022d8                USART1_IRQHandler
                0x080022d8                OTG_FS_IRQHandler
                0x080022d8                SPI3_IRQHandler
                0x080022d8                DMA1_Stream4_IRQHandler
                0x080022d8                I2C1_ER_IRQHandler
                0x080022d8                DMA2_Stream6_IRQHandler
                0x080022d8                DMA1_Stream3_IRQHandler
 *fill*         0x080022da        0x2 
 .text.HAL_Init
                0x080022dc       0x44 ./Drivers/STM32F2xx_HAL_Driver/Src/stm32f2xx_hal.o
                0x080022dc                HAL_Init
 .text.HAL_InitTick
                0x08002320       0x60 ./Drivers/STM32F2xx_HAL_Driver/Src/stm32f2xx_hal.o
                0x08002320                HAL_InitTick
 .text.HAL_IncTick
                0x08002380       0x24 ./Drivers/STM32F2xx_HAL_Driver/Src/stm32f2xx_hal.o
                0x08002380                HAL_IncTick
 .text.HAL_GetTick
                0x080023a4       0x14 ./Drivers/STM32F2xx_HAL_Driver/Src/stm32f2xx_hal.o
                0x080023a4                HAL_GetTick
 .text.HAL_ADC_Init
                0x080023b8       0x86 ./Drivers/STM32F2xx_HAL_Driver/Src/stm32f2xx_hal_adc.o
                0x080023b8                HAL_ADC_Init
 *fill*         0x0800243e        0x2 
 .text.HAL_ADC_ConfigChannel
                0x08002440      0x240 ./Drivers/STM32F2xx_HAL_Driver/Src/stm32f2xx_hal_adc.o
                0x08002440                HAL_ADC_ConfigChannel
 .text.ADC_Init
                0x08002680      0x20c ./Drivers/STM32F2xx_HAL_Driver/Src/stm32f2xx_hal_adc.o
 .text.__NVIC_SetPriorityGrouping
                0x0800288c       0x48 ./Drivers/STM32F2xx_HAL_Driver/Src/stm32f2xx_hal_cortex.o
 .text.__NVIC_GetPriorityGrouping
                0x080028d4       0x1c ./Drivers/STM32F2xx_HAL_Driver/Src/stm32f2xx_hal_cortex.o
 .text.__NVIC_EnableIRQ
                0x080028f0       0x38 ./Drivers/STM32F2xx_HAL_Driver/Src/stm32f2xx_hal_cortex.o
 .text.__NVIC_SetPriority
                0x08002928       0x54 ./Drivers/STM32F2xx_HAL_Driver/Src/stm32f2xx_hal_cortex.o
 .text.NVIC_EncodePriority
                0x0800297c       0x64 ./Drivers/STM32F2xx_HAL_Driver/Src/stm32f2xx_hal_cortex.o
 .text.SysTick_Config
                0x080029e0       0x44 ./Drivers/STM32F2xx_HAL_Driver/Src/stm32f2xx_hal_cortex.o
 .text.HAL_NVIC_SetPriorityGrouping
                0x08002a24       0x16 ./Drivers/STM32F2xx_HAL_Driver/Src/stm32f2xx_hal_cortex.o
                0x08002a24                HAL_NVIC_SetPriorityGrouping
 .text.HAL_NVIC_SetPriority
                0x08002a3a       0x38 ./Drivers/STM32F2xx_HAL_Driver/Src/stm32f2xx_hal_cortex.o
                0x08002a3a                HAL_NVIC_SetPriority
 .text.HAL_NVIC_EnableIRQ
                0x08002a72       0x1c ./Drivers/STM32F2xx_HAL_Driver/Src/stm32f2xx_hal_cortex.o
                0x08002a72                HAL_NVIC_EnableIRQ
 .text.HAL_SYSTICK_Config
                0x08002a8e       0x18 ./Drivers/STM32F2xx_HAL_Driver/Src/stm32f2xx_hal_cortex.o
                0x08002a8e                HAL_SYSTICK_Config
 *fill*         0x08002aa6        0x2 
 .text.HAL_DMA_Init
                0x08002aa8      0x15c ./Drivers/STM32F2xx_HAL_Driver/Src/stm32f2xx_hal_dma.o
                0x08002aa8                HAL_DMA_Init
 .text.HAL_DMA_IRQHandler
                0x08002c04      0x314 ./Drivers/STM32F2xx_HAL_Driver/Src/stm32f2xx_hal_dma.o
                0x08002c04                HAL_DMA_IRQHandler
 .text.DMA_CalcBaseAndBitshift
                0x08002f18       0x68 ./Drivers/STM32F2xx_HAL_Driver/Src/stm32f2xx_hal_dma.o
 .text.DMA_CheckFifoParam
                0x08002f80       0xf4 ./Drivers/STM32F2xx_HAL_Driver/Src/stm32f2xx_hal_dma.o
 .text.HAL_GPIO_Init
                0x08003074      0x33c ./Drivers/STM32F2xx_HAL_Driver/Src/stm32f2xx_hal_gpio.o
                0x08003074                HAL_GPIO_Init
 .text.HAL_GPIO_WritePin
                0x080033b0       0x30 ./Drivers/STM32F2xx_HAL_Driver/Src/stm32f2xx_hal_gpio.o
                0x080033b0                HAL_GPIO_WritePin
 .text.HAL_RCC_OscConfig
                0x080033e0      0x4a8 ./Drivers/STM32F2xx_HAL_Driver/Src/stm32f2xx_hal_rcc.o
                0x080033e0                HAL_RCC_OscConfig
 .text.HAL_RCC_ClockConfig
                0x08003888      0x1d8 ./Drivers/STM32F2xx_HAL_Driver/Src/stm32f2xx_hal_rcc.o
                0x08003888                HAL_RCC_ClockConfig
 .text.HAL_RCC_GetSysClockFreq
                0x08003a60      0x18c ./Drivers/STM32F2xx_HAL_Driver/Src/stm32f2xx_hal_rcc.o
                0x08003a60                HAL_RCC_GetSysClockFreq
 .text.HAL_TIM_PWM_Init
                0x08003bec       0x9e ./Drivers/STM32F2xx_HAL_Driver/Src/stm32f2xx_hal_tim.o
                0x08003bec                HAL_TIM_PWM_Init
 *fill*         0x08003c8a        0x2 
 .text.HAL_TIM_PWM_Start
                0x08003c8c      0x190 ./Drivers/STM32F2xx_HAL_Driver/Src/stm32f2xx_hal_tim.o
                0x08003c8c                HAL_TIM_PWM_Start
 .text.HAL_TIM_Encoder_Init
                0x08003e1c      0x14c ./Drivers/STM32F2xx_HAL_Driver/Src/stm32f2xx_hal_tim.o
                0x08003e1c                HAL_TIM_Encoder_Init
 .text.HAL_TIM_Encoder_Start
                0x08003f68      0x11c ./Drivers/STM32F2xx_HAL_Driver/Src/stm32f2xx_hal_tim.o
                0x08003f68                HAL_TIM_Encoder_Start
 .text.HAL_TIM_IRQHandler
                0x08004084      0x1e0 ./Drivers/STM32F2xx_HAL_Driver/Src/stm32f2xx_hal_tim.o
                0x08004084                HAL_TIM_IRQHandler
 .text.HAL_TIM_PWM_ConfigChannel
                0x08004264      0x184 ./Drivers/STM32F2xx_HAL_Driver/Src/stm32f2xx_hal_tim.o
                0x08004264                HAL_TIM_PWM_ConfigChannel
 .text.HAL_TIM_PeriodElapsedCallback
                0x080043e8       0x12 ./Drivers/STM32F2xx_HAL_Driver/Src/stm32f2xx_hal_tim.o
                0x080043e8                HAL_TIM_PeriodElapsedCallback
 .text.HAL_TIM_OC_DelayElapsedCallback
                0x080043fa       0x12 ./Drivers/STM32F2xx_HAL_Driver/Src/stm32f2xx_hal_tim.o
                0x080043fa                HAL_TIM_OC_DelayElapsedCallback
 .text.HAL_TIM_IC_CaptureCallback
                0x0800440c       0x12 ./Drivers/STM32F2xx_HAL_Driver/Src/stm32f2xx_hal_tim.o
                0x0800440c                HAL_TIM_IC_CaptureCallback
 .text.HAL_TIM_PWM_PulseFinishedCallback
                0x0800441e       0x12 ./Drivers/STM32F2xx_HAL_Driver/Src/stm32f2xx_hal_tim.o
                0x0800441e                HAL_TIM_PWM_PulseFinishedCallback
 .text.HAL_TIM_TriggerCallback
                0x08004430       0x12 ./Drivers/STM32F2xx_HAL_Driver/Src/stm32f2xx_hal_tim.o
                0x08004430                HAL_TIM_TriggerCallback
 *fill*         0x08004442        0x2 
 .text.TIM_Base_SetConfig
                0x08004444      0x154 ./Drivers/STM32F2xx_HAL_Driver/Src/stm32f2xx_hal_tim.o
                0x08004444                TIM_Base_SetConfig
 .text.TIM_OC1_SetConfig
                0x08004598       0xe0 ./Drivers/STM32F2xx_HAL_Driver/Src/stm32f2xx_hal_tim.o
 .text.TIM_OC2_SetConfig
                0x08004678       0xe8 ./Drivers/STM32F2xx_HAL_Driver/Src/stm32f2xx_hal_tim.o
                0x08004678                TIM_OC2_SetConfig
 .text.TIM_OC3_SetConfig
                0x08004760       0xe8 ./Drivers/STM32F2xx_HAL_Driver/Src/stm32f2xx_hal_tim.o
 .text.TIM_OC4_SetConfig
                0x08004848       0xa8 ./Drivers/STM32F2xx_HAL_Driver/Src/stm32f2xx_hal_tim.o
 .text.TIM_CCxChannelCmd
                0x080048f0       0x48 ./Drivers/STM32F2xx_HAL_Driver/Src/stm32f2xx_hal_tim.o
                0x080048f0                TIM_CCxChannelCmd
 .text.HAL_TIMEx_MasterConfigSynchronization
                0x08004938       0xf4 ./Drivers/STM32F2xx_HAL_Driver/Src/stm32f2xx_hal_tim_ex.o
                0x08004938                HAL_TIMEx_MasterConfigSynchronization
 .text.HAL_TIMEx_CommutCallback
                0x08004a2c       0x12 ./Drivers/STM32F2xx_HAL_Driver/Src/stm32f2xx_hal_tim_ex.o
                0x08004a2c                HAL_TIMEx_CommutCallback
 .text.HAL_TIMEx_BreakCallback
                0x08004a3e       0x12 ./Drivers/STM32F2xx_HAL_Driver/Src/stm32f2xx_hal_tim_ex.o
                0x08004a3e                HAL_TIMEx_BreakCallback
 .text.memset   0x08004a50       0x10 C:/Users/priya/Desktop/STM32CubeIDE_1.16.1/STM32CubeIDE/plugins/com.st.stm32cube.ide.mcu.externaltools.gnu-tools-for-stm32.12.3.rel1.win32_1.0.200.202406191623/tools/bin/../lib/gcc/arm-none-eabi/12.3.1/../../../../arm-none-eabi/lib/thumb/v7-m/nofp\libc_nano.a(libc_a-memset.o)
                0x08004a50                memset
 .text.__libc_init_array
                0x08004a60       0x48 C:/Users/priya/Desktop/STM32CubeIDE_1.16.1/STM32CubeIDE/plugins/com.st.stm32cube.ide.mcu.externaltools.gnu-tools-for-stm32.12.3.rel1.win32_1.0.200.202406191623/tools/bin/../lib/gcc/arm-none-eabi/12.3.1/../../../../arm-none-eabi/lib/thumb/v7-m/nofp\libc_nano.a(libc_a-init.o)
                0x08004a60                __libc_init_array
 *(.glue_7)
 .glue_7        0x08004aa8        0x0 linker stubs
 *(.glue_7t)
 .glue_7t       0x08004aa8        0x0 linker stubs
 *(.eh_frame)
 .eh_frame      0x08004aa8        0x0 C:/Users/priya/Desktop/STM32CubeIDE_1.16.1/STM32CubeIDE/plugins/com.st.stm32cube.ide.mcu.externaltools.gnu-tools-for-stm32.12.3.rel1.win32_1.0.200.202406191623/tools/bin/../lib/gcc/arm-none-eabi/12.3.1/thumb/v7-m/nofp/crtbegin.o
 *(.init)
 .init          0x08004aa8        0x4 C:/Users/priya/Desktop/STM32CubeIDE_1.16.1/STM32CubeIDE/plugins/com.st.stm32cube.ide.mcu.externaltools.gnu-tools-for-stm32.12.3.rel1.win32_1.0.200.202406191623/tools/bin/../lib/gcc/arm-none-eabi/12.3.1/thumb/v7-m/nofp/crti.o
                0x08004aa8                _init
 .init          0x08004aac        0x8 C:/Users/priya/Desktop/STM32CubeIDE_1.16.1/STM32CubeIDE/plugins/com.st.stm32cube.ide.mcu.externaltools.gnu-tools-for-stm32.12.3.rel1.win32_1.0.200.202406191623/tools/bin/../lib/gcc/arm-none-eabi/12.3.1/thumb/v7-m/nofp/crtn.o
 *(.fini)
 .fini          0x08004ab4        0x4 C:/Users/priya/Desktop/STM32CubeIDE_1.16.1/STM32CubeIDE/plugins/com.st.stm32cube.ide.mcu.externaltools.gnu-tools-for-stm32.12.3.rel1.win32_1.0.200.202406191623/tools/bin/../lib/gcc/arm-none-eabi/12.3.1/thumb/v7-m/nofp/crti.o
                0x08004ab4                _fini
 .fini          0x08004ab8        0x8 C:/Users/priya/Desktop/STM32CubeIDE_1.16.1/STM32CubeIDE/plugins/com.st.stm32cube.ide.mcu.externaltools.gnu-tools-for-stm32.12.3.rel1.win32_1.0.200.202406191623/tools/bin/../lib/gcc/arm-none-eabi/12.3.1/thumb/v7-m/nofp/crtn.o
                0x08004ac0                        . = ALIGN (0x4)
                0x08004ac0                        _etext = .

.vfp11_veneer   0x08004ac0        0x0
 .vfp11_veneer  0x08004ac0        0x0 linker stubs

.v4_bx          0x08004ac0        0x0
 .v4_bx         0x08004ac0        0x0 linker stubs

.iplt           0x08004ac0        0x0
 .iplt          0x08004ac0        0x0 C:/Users/priya/Desktop/STM32CubeIDE_1.16.1/STM32CubeIDE/plugins/com.st.stm32cube.ide.mcu.externaltools.gnu-tools-for-stm32.12.3.rel1.win32_1.0.200.202406191623/tools/bin/../lib/gcc/arm-none-eabi/12.3.1/thumb/v7-m/nofp/crtbegin.o

.rodata         0x08004ac0       0x18
                0x08004ac0                        . = ALIGN (0x4)
 *(.rodata)
 *(.rodata*)
 .rodata.AHBPrescTable
                0x08004ac0       0x10 ./Core/Src/system_stm32f2xx.o
                0x08004ac0                AHBPrescTable
 .rodata.flagBitshiftOffset.0
                0x08004ad0        0x8 ./Drivers/STM32F2xx_HAL_Driver/Src/stm32f2xx_hal_dma.o
                0x08004ad8                        . = ALIGN (0x4)

.ARM.extab      0x08004ad8        0x0
                0x08004ad8                        . = ALIGN (0x4)
 *(.ARM.extab* .gnu.linkonce.armextab.*)
                0x08004ad8                        . = ALIGN (0x4)

.ARM            0x08004ad8        0x8
                0x08004ad8                        . = ALIGN (0x4)
                0x08004ad8                        __exidx_start = .
 *(.ARM.exidx*)
 .ARM.exidx     0x08004ad8        0x8 C:/Users/priya/Desktop/STM32CubeIDE_1.16.1/STM32CubeIDE/plugins/com.st.stm32cube.ide.mcu.externaltools.gnu-tools-for-stm32.12.3.rel1.win32_1.0.200.202406191623/tools/bin/../lib/gcc/arm-none-eabi/12.3.1/thumb/v7-m/nofp\libgcc.a(_udivmoddi4.o)
                0x08004ae0                        __exidx_end = .
                0x08004ae0                        . = ALIGN (0x4)

.preinit_array  0x08004ae0        0x0
                0x08004ae0                        . = ALIGN (0x4)
                0x08004ae0                        PROVIDE (__preinit_array_start = .)
 *(.preinit_array*)
                0x08004ae0                        PROVIDE (__preinit_array_end = .)
                0x08004ae0                        . = ALIGN (0x4)

.init_array     0x08004ae0        0x4
                0x08004ae0                        . = ALIGN (0x4)
                0x08004ae0                        PROVIDE (__init_array_start = .)
 *(SORT_BY_NAME(.init_array.*))
 *(.init_array*)
 .init_array    0x08004ae0        0x4 C:/Users/priya/Desktop/STM32CubeIDE_1.16.1/STM32CubeIDE/plugins/com.st.stm32cube.ide.mcu.externaltools.gnu-tools-for-stm32.12.3.rel1.win32_1.0.200.202406191623/tools/bin/../lib/gcc/arm-none-eabi/12.3.1/thumb/v7-m/nofp/crtbegin.o
                0x08004ae4                        PROVIDE (__init_array_end = .)
                0x08004ae4                        . = ALIGN (0x4)

.fini_array     0x08004ae4        0x4
                0x08004ae4                        . = ALIGN (0x4)
                [!provide]                        PROVIDE (__fini_array_start = .)
 *(SORT_BY_NAME(.fini_array.*))
 *(.fini_array*)
 .fini_array    0x08004ae4        0x4 C:/Users/priya/Desktop/STM32CubeIDE_1.16.1/STM32CubeIDE/plugins/com.st.stm32cube.ide.mcu.externaltools.gnu-tools-for-stm32.12.3.rel1.win32_1.0.200.202406191623/tools/bin/../lib/gcc/arm-none-eabi/12.3.1/thumb/v7-m/nofp/crtbegin.o
                [!provide]                        PROVIDE (__fini_array_end = .)
                0x08004ae8                        . = ALIGN (0x4)
                0x08004ae8                        _sidata = LOADADDR (.data)

.rel.dyn        0x08004ae8        0x0
 .rel.iplt      0x08004ae8        0x0 C:/Users/priya/Desktop/STM32CubeIDE_1.16.1/STM32CubeIDE/plugins/com.st.stm32cube.ide.mcu.externaltools.gnu-tools-for-stm32.12.3.rel1.win32_1.0.200.202406191623/tools/bin/../lib/gcc/arm-none-eabi/12.3.1/thumb/v7-m/nofp/crtbegin.o

.data           0x20000000       0x18 load address 0x08004ae8
                0x20000000                        . = ALIGN (0x4)
                0x20000000                        _sdata = .
 *(.data)
 *(.data*)
 .data.kPw      0x20000000        0x4 ./Core/Src/pid.o
                0x20000000                kPw
 .data.kPx      0x20000004        0x4 ./Core/Src/pid.o
                0x20000004                kPx
 .data.kDx      0x20000008        0x4 ./Core/Src/pid.o
                0x20000008                kDx
 .data.SystemCoreClock
                0x2000000c        0x4 ./Core/Src/system_stm32f2xx.o
                0x2000000c                SystemCoreClock
 .data.uwTickPrio
                0x20000010        0x4 ./Drivers/STM32F2xx_HAL_Driver/Src/stm32f2xx_hal.o
                0x20000010                uwTickPrio
 .data.uwTickFreq
                0x20000014        0x1 ./Drivers/STM32F2xx_HAL_Driver/Src/stm32f2xx_hal.o
                0x20000014                uwTickFreq
 *(.RamFunc)
 *(.RamFunc*)
                0x20000018                        . = ALIGN (0x4)
 *fill*         0x20000015        0x3 
                0x20000018                        _edata = .

.igot.plt       0x20000018        0x0 load address 0x08004b00
 .igot.plt      0x20000018        0x0 C:/Users/priya/Desktop/STM32CubeIDE_1.16.1/STM32CubeIDE/plugins/com.st.stm32cube.ide.mcu.externaltools.gnu-tools-for-stm32.12.3.rel1.win32_1.0.200.202406191623/tools/bin/../lib/gcc/arm-none-eabi/12.3.1/thumb/v7-m/nofp/crtbegin.o
                0x20000018                        . = ALIGN (0x4)

.bss            0x20000018      0x240 load address 0x08004b00
                0x20000018                        _sbss = .
                0x20000018                        __bss_start__ = _sbss
 *(.bss)
 .bss           0x20000018       0x1c C:/Users/priya/Desktop/STM32CubeIDE_1.16.1/STM32CubeIDE/plugins/com.st.stm32cube.ide.mcu.externaltools.gnu-tools-for-stm32.12.3.rel1.win32_1.0.200.202406191623/tools/bin/../lib/gcc/arm-none-eabi/12.3.1/thumb/v7-m/nofp/crtbegin.o
 *(.bss*)
 .bss.hadc1     0x20000034       0x48 ./Core/Src/main.o
                0x20000034                hadc1
 .bss.hdma_adc1
                0x2000007c       0x60 ./Core/Src/main.o
                0x2000007c                hdma_adc1
 .bss.htim1     0x200000dc       0x48 ./Core/Src/main.o
                0x200000dc                htim1
 .bss.htim2     0x20000124       0x48 ./Core/Src/main.o
                0x20000124                htim2
 .bss.htim3     0x2000016c       0x48 ./Core/Src/main.o
                0x2000016c                htim3
 .bss.htim4     0x200001b4       0x48 ./Core/Src/main.o
                0x200001b4                htim4
 .bss.left_counts
                0x200001fc        0x2 ./Core/Src/main.o
                0x200001fc                left_counts
 .bss.right_counts
                0x200001fe        0x2 ./Core/Src/main.o
                0x200001fe                right_counts
 .bss.dbg_leftCounts
                0x20000200        0x4 ./Core/Src/pid.o
                0x20000200                dbg_leftCounts
 .bss.dbg_rightCounts
                0x20000204        0x4 ./Core/Src/pid.o
                0x20000204                dbg_rightCounts
 .bss.dbg_e_dist
                0x20000208        0x4 ./Core/Src/pid.o
                0x20000208                dbg_e_dist
 .bss.dbg_e_ang
                0x2000020c        0x4 ./Core/Src/pid.o
                0x2000020c                dbg_e_ang
 .bss.dbg_distCorr
                0x20000210        0x4 ./Core/Src/pid.o
                0x20000210                dbg_distCorr
 .bss.dbg_angCorr
                0x20000214        0x4 ./Core/Src/pid.o
                0x20000214                dbg_angCorr
 .bss.dbg_leftSpeed
                0x20000218        0x4 ./Core/Src/pid.o
                0x20000218                dbg_leftSpeed
 .bss.dbg_rightSpeed
                0x2000021c        0x4 ./Core/Src/pid.o
                0x2000021c                dbg_rightSpeed
 .bss.angleError
                0x20000220        0x4 ./Core/Src/pid.o
                0x20000220                angleError
 .bss.oldAngleError
                0x20000224        0x4 ./Core/Src/pid.o
                0x20000224                oldAngleError
 .bss.distanceError
                0x20000228        0x4 ./Core/Src/pid.o
                0x20000228                distanceError
 .bss.oldDistanceError
                0x2000022c        0x4 ./Core/Src/pid.o
                0x2000022c                oldDistanceError
 .bss.kDw       0x20000230        0x4 ./Core/Src/pid.o
                0x20000230                kDw
 .bss.kIw       0x20000234        0x4 ./Core/Src/pid.o
                0x20000234                kIw
 .bss.kIx       0x20000238        0x4 ./Core/Src/pid.o
                0x20000238                kIx
 .bss.count     0x2000023c        0x4 ./Core/Src/pid.o
                0x2000023c                count
 .bss.sumAng    0x20000240        0x4 ./Core/Src/pid.o
 .bss.sumDist   0x20000244        0x4 ./Core/Src/pid.o
 .bss.goalAngle
                0x20000248        0x4 ./Core/Src/pid.o
                0x20000248                goalAngle
 .bss.goalDistance
                0x2000024c        0x4 ./Core/Src/pid.o
                0x2000024c                goalDistance
 .bss.done      0x20000250        0x1 ./Core/Src/pid.o
                0x20000250                done
 *fill*         0x20000251        0x3 
 .bss.uwTick    0x20000254        0x4 ./Drivers/STM32F2xx_HAL_Driver/Src/stm32f2xx_hal.o
                0x20000254                uwTick
 *(COMMON)
                0x20000258                        . = ALIGN (0x4)
                0x20000258                        _ebss = .
                0x20000258                        __bss_end__ = _ebss

._user_heap_stack
                0x20000258      0x600 load address 0x08004b00
                0x20000258                        . = ALIGN (0x8)
                [!provide]                        PROVIDE (end = .)
                0x20000258                        PROVIDE (_end = .)
                0x20000458                        . = (. + _Min_Heap_Size)
 *fill*         0x20000258      0x200 
                0x20000858                        . = (. + _Min_Stack_Size)
 *fill*         0x20000458      0x400 
                0x20000858                        . = ALIGN (0x8)

/DISCARD/
 libc.a(*)
 libm.a(*)
 libgcc.a(*)

.ARM.attributes
                0x00000000       0x29
 *(.ARM.attributes)
 .ARM.attributes
                0x00000000       0x1d C:/Users/priya/Desktop/STM32CubeIDE_1.16.1/STM32CubeIDE/plugins/com.st.stm32cube.ide.mcu.externaltools.gnu-tools-for-stm32.12.3.rel1.win32_1.0.200.202406191623/tools/bin/../lib/gcc/arm-none-eabi/12.3.1/thumb/v7-m/nofp/crti.o
 .ARM.attributes
                0x0000001d       0x2d C:/Users/priya/Desktop/STM32CubeIDE_1.16.1/STM32CubeIDE/plugins/com.st.stm32cube.ide.mcu.externaltools.gnu-tools-for-stm32.12.3.rel1.win32_1.0.200.202406191623/tools/bin/../lib/gcc/arm-none-eabi/12.3.1/thumb/v7-m/nofp/crtbegin.o
 .ARM.attributes
                0x0000004a       0x2d ./Core/Src/controller.o
 .ARM.attributes
                0x00000077       0x2d ./Core/Src/encoders.o
 .ARM.attributes
                0x000000a4       0x2d ./Core/Src/main.o
 .ARM.attributes
                0x000000d1       0x2d ./Core/Src/motors.o
 .ARM.attributes
                0x000000fe       0x2d ./Core/Src/pid.o
 .ARM.attributes
                0x0000012b       0x2d ./Core/Src/stm32f2xx_hal_msp.o
 .ARM.attributes
                0x00000158       0x2d ./Core/Src/stm32f2xx_it.o
 .ARM.attributes
                0x00000185       0x2d ./Core/Src/system_stm32f2xx.o
 .ARM.attributes
                0x000001b2       0x2d ./Core/Src/systick.o
 .ARM.attributes
                0x000001df       0x21 ./Core/Startup/startup_stm32f205retx.o
 .ARM.attributes
                0x00000200       0x2d ./Drivers/STM32F2xx_HAL_Driver/Src/stm32f2xx_hal.o
 .ARM.attributes
                0x0000022d       0x2d ./Drivers/STM32F2xx_HAL_Driver/Src/stm32f2xx_hal_adc.o
 .ARM.attributes
                0x0000025a       0x2d ./Drivers/STM32F2xx_HAL_Driver/Src/stm32f2xx_hal_cortex.o
 .ARM.attributes
                0x00000287       0x2d ./Drivers/STM32F2xx_HAL_Driver/Src/stm32f2xx_hal_dma.o
 .ARM.attributes
                0x000002b4       0x2d ./Drivers/STM32F2xx_HAL_Driver/Src/stm32f2xx_hal_gpio.o
 .ARM.attributes
                0x000002e1       0x2d ./Drivers/STM32F2xx_HAL_Driver/Src/stm32f2xx_hal_rcc.o
 .ARM.attributes
                0x0000030e       0x2d ./Drivers/STM32F2xx_HAL_Driver/Src/stm32f2xx_hal_tim.o
 .ARM.attributes
                0x0000033b       0x2d ./Drivers/STM32F2xx_HAL_Driver/Src/stm32f2xx_hal_tim_ex.o
 .ARM.attributes
                0x00000368       0x2d C:/Users/priya/Desktop/STM32CubeIDE_1.16.1/STM32CubeIDE/plugins/com.st.stm32cube.ide.mcu.externaltools.gnu-tools-for-stm32.12.3.rel1.win32_1.0.200.202406191623/tools/bin/../lib/gcc/arm-none-eabi/12.3.1/../../../../arm-none-eabi/lib/thumb/v7-m/nofp\libc_nano.a(libc_a-memset.o)
 .ARM.attributes
                0x00000395       0x2d C:/Users/priya/Desktop/STM32CubeIDE_1.16.1/STM32CubeIDE/plugins/com.st.stm32cube.ide.mcu.externaltools.gnu-tools-for-stm32.12.3.rel1.win32_1.0.200.202406191623/tools/bin/../lib/gcc/arm-none-eabi/12.3.1/../../../../arm-none-eabi/lib/thumb/v7-m/nofp\libc_nano.a(libc_a-init.o)
 .ARM.attributes
                0x000003c2       0x1d C:/Users/priya/Desktop/STM32CubeIDE_1.16.1/STM32CubeIDE/plugins/com.st.stm32cube.ide.mcu.externaltools.gnu-tools-for-stm32.12.3.rel1.win32_1.0.200.202406191623/tools/bin/../lib/gcc/arm-none-eabi/12.3.1/thumb/v7-m/nofp\libgcc.a(_arm_muldf3.o)
 .ARM.attributes
                0x000003df       0x1d C:/Users/priya/Desktop/STM32CubeIDE_1.16.1/STM32CubeIDE/plugins/com.st.stm32cube.ide.mcu.externaltools.gnu-tools-for-stm32.12.3.rel1.win32_1.0.200.202406191623/tools/bin/../lib/gcc/arm-none-eabi/12.3.1/thumb/v7-m/nofp\libgcc.a(_arm_addsubdf3.o)
 .ARM.attributes
                0x000003fc       0x1d C:/Users/priya/Desktop/STM32CubeIDE_1.16.1/STM32CubeIDE/plugins/com.st.stm32cube.ide.mcu.externaltools.gnu-tools-for-stm32.12.3.rel1.win32_1.0.200.202406191623/tools/bin/../lib/gcc/arm-none-eabi/12.3.1/thumb/v7-m/nofp\libgcc.a(_arm_cmpdf2.o)
 .ARM.attributes
                0x00000419       0x1d C:/Users/priya/Desktop/STM32CubeIDE_1.16.1/STM32CubeIDE/plugins/com.st.stm32cube.ide.mcu.externaltools.gnu-tools-for-stm32.12.3.rel1.win32_1.0.200.202406191623/tools/bin/../lib/gcc/arm-none-eabi/12.3.1/thumb/v7-m/nofp\libgcc.a(_arm_truncdfsf2.o)
 .ARM.attributes
                0x00000436       0x1d C:/Users/priya/Desktop/STM32CubeIDE_1.16.1/STM32CubeIDE/plugins/com.st.stm32cube.ide.mcu.externaltools.gnu-tools-for-stm32.12.3.rel1.win32_1.0.200.202406191623/tools/bin/../lib/gcc/arm-none-eabi/12.3.1/thumb/v7-m/nofp\libgcc.a(_arm_addsubsf3.o)
 .ARM.attributes
                0x00000453       0x1d C:/Users/priya/Desktop/STM32CubeIDE_1.16.1/STM32CubeIDE/plugins/com.st.stm32cube.ide.mcu.externaltools.gnu-tools-for-stm32.12.3.rel1.win32_1.0.200.202406191623/tools/bin/../lib/gcc/arm-none-eabi/12.3.1/thumb/v7-m/nofp\libgcc.a(_arm_muldivsf3.o)
 .ARM.attributes
                0x00000470       0x1d C:/Users/priya/Desktop/STM32CubeIDE_1.16.1/STM32CubeIDE/plugins/com.st.stm32cube.ide.mcu.externaltools.gnu-tools-for-stm32.12.3.rel1.win32_1.0.200.202406191623/tools/bin/../lib/gcc/arm-none-eabi/12.3.1/thumb/v7-m/nofp\libgcc.a(_arm_cmpsf2.o)
 .ARM.attributes
                0x0000048d       0x1d C:/Users/priya/Desktop/STM32CubeIDE_1.16.1/STM32CubeIDE/plugins/com.st.stm32cube.ide.mcu.externaltools.gnu-tools-for-stm32.12.3.rel1.win32_1.0.200.202406191623/tools/bin/../lib/gcc/arm-none-eabi/12.3.1/thumb/v7-m/nofp\libgcc.a(_arm_fixsfsi.o)
 .ARM.attributes
                0x000004aa       0x1d C:/Users/priya/Desktop/STM32CubeIDE_1.16.1/STM32CubeIDE/plugins/com.st.stm32cube.ide.mcu.externaltools.gnu-tools-for-stm32.12.3.rel1.win32_1.0.200.202406191623/tools/bin/../lib/gcc/arm-none-eabi/12.3.1/thumb/v7-m/nofp\libgcc.a(_arm_fixunssfsi.o)
 .ARM.attributes
                0x000004c7       0x1d C:/Users/priya/Desktop/STM32CubeIDE_1.16.1/STM32CubeIDE/plugins/com.st.stm32cube.ide.mcu.externaltools.gnu-tools-for-stm32.12.3.rel1.win32_1.0.200.202406191623/tools/bin/../lib/gcc/arm-none-eabi/12.3.1/thumb/v7-m/nofp\libgcc.a(_aeabi_uldivmod.o)
 .ARM.attributes
                0x000004e4       0x2d C:/Users/priya/Desktop/STM32CubeIDE_1.16.1/STM32CubeIDE/plugins/com.st.stm32cube.ide.mcu.externaltools.gnu-tools-for-stm32.12.3.rel1.win32_1.0.200.202406191623/tools/bin/../lib/gcc/arm-none-eabi/12.3.1/thumb/v7-m/nofp\libgcc.a(_udivmoddi4.o)
 .ARM.attributes
                0x00000511       0x1d C:/Users/priya/Desktop/STM32CubeIDE_1.16.1/STM32CubeIDE/plugins/com.st.stm32cube.ide.mcu.externaltools.gnu-tools-for-stm32.12.3.rel1.win32_1.0.200.202406191623/tools/bin/../lib/gcc/arm-none-eabi/12.3.1/thumb/v7-m/nofp\libgcc.a(_dvmd_tls.o)
 .ARM.attributes
                0x0000052e       0x1d C:/Users/priya/Desktop/STM32CubeIDE_1.16.1/STM32CubeIDE/plugins/com.st.stm32cube.ide.mcu.externaltools.gnu-tools-for-stm32.12.3.rel1.win32_1.0.200.202406191623/tools/bin/../lib/gcc/arm-none-eabi/12.3.1/thumb/v7-m/nofp/crtn.o
OUTPUT(mm_spring.elf elf32-littlearm)
LOAD linker stubs
LOAD C:/Users/priya/Desktop/STM32CubeIDE_1.16.1/STM32CubeIDE/plugins/com.st.stm32cube.ide.mcu.externaltools.gnu-tools-for-stm32.12.3.rel1.win32_1.0.200.202406191623/tools/bin/../lib/gcc/arm-none-eabi/12.3.1/../../../../arm-none-eabi/lib/thumb/v7-m/nofp\libc.a
LOAD C:/Users/priya/Desktop/STM32CubeIDE_1.16.1/STM32CubeIDE/plugins/com.st.stm32cube.ide.mcu.externaltools.gnu-tools-for-stm32.12.3.rel1.win32_1.0.200.202406191623/tools/bin/../lib/gcc/arm-none-eabi/12.3.1/../../../../arm-none-eabi/lib/thumb/v7-m/nofp\libm.a
LOAD C:/Users/priya/Desktop/STM32CubeIDE_1.16.1/STM32CubeIDE/plugins/com.st.stm32cube.ide.mcu.externaltools.gnu-tools-for-stm32.12.3.rel1.win32_1.0.200.202406191623/tools/bin/../lib/gcc/arm-none-eabi/12.3.1/thumb/v7-m/nofp\libgcc.a

.debug_info     0x00000000     0xb88d
 .debug_info    0x00000000      0x11c ./Core/Src/controller.o
 .debug_info    0x0000011c      0x1f9 ./Core/Src/encoders.o
 .debug_info    0x00000315     0x1517 ./Core/Src/main.o
 .debug_info    0x0000182c      0x245 ./Core/Src/motors.o
 .debug_info    0x00001a71      0x444 ./Core/Src/pid.o
 .debug_info    0x00001eb5     0x111d ./Core/Src/stm32f2xx_hal_msp.o
 .debug_info    0x00002fd2      0x72c ./Core/Src/stm32f2xx_it.o
 .debug_info    0x000036fe      0x31f ./Core/Src/system_stm32f2xx.o
 .debug_info    0x00003a1d      0x232 ./Core/Src/systick.o
 .debug_info    0x00003c4f       0x30 ./Core/Startup/startup_stm32f205retx.o
 .debug_info    0x00003c7f      0x9b1 ./Drivers/STM32F2xx_HAL_Driver/Src/stm32f2xx_hal.o
 .debug_info    0x00004630      0xcd0 ./Drivers/STM32F2xx_HAL_Driver/Src/stm32f2xx_hal_adc.o
 .debug_info    0x00005300      0xd69 ./Drivers/STM32F2xx_HAL_Driver/Src/stm32f2xx_hal_cortex.o
 .debug_info    0x00006069      0x8e7 ./Drivers/STM32F2xx_HAL_Driver/Src/stm32f2xx_hal_dma.o
 .debug_info    0x00006950      0x68e ./Drivers/STM32F2xx_HAL_Driver/Src/stm32f2xx_hal_gpio.o
 .debug_info    0x00006fde      0xa39 ./Drivers/STM32F2xx_HAL_Driver/Src/stm32f2xx_hal_rcc.o
 .debug_info    0x00007a17     0x299b ./Drivers/STM32F2xx_HAL_Driver/Src/stm32f2xx_hal_tim.o
 .debug_info    0x0000a3b2     0x14db ./Drivers/STM32F2xx_HAL_Driver/Src/stm32f2xx_hal_tim_ex.o

.debug_abbrev   0x00000000     0x2103
 .debug_abbrev  0x00000000       0xc8 ./Core/Src/controller.o
 .debug_abbrev  0x000000c8       0xb8 ./Core/Src/encoders.o
 .debug_abbrev  0x00000180      0x2a4 ./Core/Src/main.o
 .debug_abbrev  0x00000424       0xfa ./Core/Src/motors.o
 .debug_abbrev  0x0000051e      0x172 ./Core/Src/pid.o
 .debug_abbrev  0x00000690      0x256 ./Core/Src/stm32f2xx_hal_msp.o
 .debug_abbrev  0x000008e6      0x195 ./Core/Src/stm32f2xx_it.o
 .debug_abbrev  0x00000a7b      0x11c ./Core/Src/system_stm32f2xx.o
 .debug_abbrev  0x00000b97      0x104 ./Core/Src/systick.o
 .debug_abbrev  0x00000c9b       0x24 ./Core/Startup/startup_stm32f205retx.o
 .debug_abbrev  0x00000cbf      0x286 ./Drivers/STM32F2xx_HAL_Driver/Src/stm32f2xx_hal.o
 .debug_abbrev  0x00000f45      0x28b ./Drivers/STM32F2xx_HAL_Driver/Src/stm32f2xx_hal_adc.o
 .debug_abbrev  0x000011d0      0x31c ./Drivers/STM32F2xx_HAL_Driver/Src/stm32f2xx_hal_cortex.o
 .debug_abbrev  0x000014ec      0x264 ./Drivers/STM32F2xx_HAL_Driver/Src/stm32f2xx_hal_dma.o
 .debug_abbrev  0x00001750      0x1cb ./Drivers/STM32F2xx_HAL_Driver/Src/stm32f2xx_hal_gpio.o
 .debug_abbrev  0x0000191b      0x2d6 ./Drivers/STM32F2xx_HAL_Driver/Src/stm32f2xx_hal_rcc.o
 .debug_abbrev  0x00001bf1      0x28f ./Drivers/STM32F2xx_HAL_Driver/Src/stm32f2xx_hal_tim.o
 .debug_abbrev  0x00001e80      0x283 ./Drivers/STM32F2xx_HAL_Driver/Src/stm32f2xx_hal_tim_ex.o

.debug_aranges  0x00000000      0xc20
 .debug_aranges
                0x00000000       0x28 ./Core/Src/controller.o
 .debug_aranges
                0x00000028       0x30 ./Core/Src/encoders.o
 .debug_aranges
                0x00000058       0x68 ./Core/Src/main.o
 .debug_aranges
                0x000000c0       0x38 ./Core/Src/motors.o
 .debug_aranges
                0x000000f8       0x40 ./Core/Src/pid.o
 .debug_aranges
                0x00000138       0x58 ./Core/Src/stm32f2xx_hal_msp.o
 .debug_aranges
                0x00000190       0x78 ./Core/Src/stm32f2xx_it.o
 .debug_aranges
                0x00000208       0x28 ./Core/Src/system_stm32f2xx.o
 .debug_aranges
                0x00000230       0x20 ./Core/Src/systick.o
 .debug_aranges
                0x00000250       0x28 ./Core/Startup/startup_stm32f205retx.o
 .debug_aranges
                0x00000278       0xf0 ./Drivers/STM32F2xx_HAL_Driver/Src/stm32f2xx_hal.o
 .debug_aranges
                0x00000368       0xe8 ./Drivers/STM32F2xx_HAL_Driver/Src/stm32f2xx_hal_adc.o
 .debug_aranges
                0x00000450      0x128 ./Drivers/STM32F2xx_HAL_Driver/Src/stm32f2xx_hal_cortex.o
 .debug_aranges
                0x00000578       0x90 ./Drivers/STM32F2xx_HAL_Driver/Src/stm32f2xx_hal_dma.o
 .debug_aranges
                0x00000608       0x58 ./Drivers/STM32F2xx_HAL_Driver/Src/stm32f2xx_hal_gpio.o
 .debug_aranges
                0x00000660       0x88 ./Drivers/STM32F2xx_HAL_Driver/Src/stm32f2xx_hal_rcc.o
 .debug_aranges
                0x000006e8      0x3d0 ./Drivers/STM32F2xx_HAL_Driver/Src/stm32f2xx_hal_tim.o
 .debug_aranges
                0x00000ab8      0x168 ./Drivers/STM32F2xx_HAL_Driver/Src/stm32f2xx_hal_tim_ex.o

.debug_rnglists
                0x00000000      0x947
 .debug_rnglists
                0x00000000       0x19 ./Core/Src/controller.o
 .debug_rnglists
                0x00000019       0x1f ./Core/Src/encoders.o
 .debug_rnglists
                0x00000038       0x50 ./Core/Src/main.o
 .debug_rnglists
                0x00000088       0x25 ./Core/Src/motors.o
 .debug_rnglists
                0x000000ad       0x2c ./Core/Src/pid.o
 .debug_rnglists
                0x000000d9       0x41 ./Core/Src/stm32f2xx_hal_msp.o
 .debug_rnglists
                0x0000011a       0x55 ./Core/Src/stm32f2xx_it.o
 .debug_rnglists
                0x0000016f       0x1a ./Core/Src/system_stm32f2xx.o
 .debug_rnglists
                0x00000189       0x13 ./Core/Src/systick.o
 .debug_rnglists
                0x0000019c       0x19 ./Core/Startup/startup_stm32f205retx.o
 .debug_rnglists
                0x000001b5       0xaf ./Drivers/STM32F2xx_HAL_Driver/Src/stm32f2xx_hal.o
 .debug_rnglists
                0x00000264       0xb5 ./Drivers/STM32F2xx_HAL_Driver/Src/stm32f2xx_hal_adc.o
 .debug_rnglists
                0x00000319       0xd9 ./Drivers/STM32F2xx_HAL_Driver/Src/stm32f2xx_hal_cortex.o
 .debug_rnglists
                0x000003f2       0x70 ./Drivers/STM32F2xx_HAL_Driver/Src/stm32f2xx_hal_dma.o
 .debug_rnglists
                0x00000462       0x3f ./Drivers/STM32F2xx_HAL_Driver/Src/stm32f2xx_hal_gpio.o
 .debug_rnglists
                0x000004a1       0x67 ./Drivers/STM32F2xx_HAL_Driver/Src/stm32f2xx_hal_rcc.o
 .debug_rnglists
                0x00000508      0x31a ./Drivers/STM32F2xx_HAL_Driver/Src/stm32f2xx_hal_tim.o
 .debug_rnglists
                0x00000822      0x125 ./Drivers/STM32F2xx_HAL_Driver/Src/stm32f2xx_hal_tim_ex.o

.debug_macro    0x00000000    0x1ea17
 .debug_macro   0x00000000      0x1fd ./Core/Src/controller.o
 .debug_macro   0x000001fd      0xaa8 ./Core/Src/controller.o
 .debug_macro   0x00000ca5      0x23e ./Core/Src/controller.o
 .debug_macro   0x00000ee3       0x2e ./Core/Src/controller.o
 .debug_macro   0x00000f11       0x22 ./Core/Src/controller.o
 .debug_macro   0x00000f33       0x22 ./Core/Src/controller.o
 .debug_macro   0x00000f55       0x8e ./Core/Src/controller.o
 .debug_macro   0x00000fe3       0x51 ./Core/Src/controller.o
 .debug_macro   0x00001034      0x103 ./Core/Src/controller.o
 .debug_macro   0x00001137       0x6a ./Core/Src/controller.o
 .debug_macro   0x000011a1      0x1df ./Core/Src/controller.o
 .debug_macro   0x00001380       0x1c ./Core/Src/controller.o
 .debug_macro   0x0000139c       0x22 ./Core/Src/controller.o
 .debug_macro   0x000013be       0xbd ./Core/Src/controller.o
 .debug_macro   0x0000147b      0xe49 ./Core/Src/controller.o
 .debug_macro   0x000022c4      0x11f ./Core/Src/controller.o
 .debug_macro   0x000023e3    0x133fd ./Core/Src/controller.o
 .debug_macro   0x000157e0       0x6d ./Core/Src/controller.o
 .debug_macro   0x0001584d     0x35b3 ./Core/Src/controller.o
 .debug_macro   0x00018e00      0x189 ./Core/Src/controller.o
 .debug_macro   0x00018f89       0x55 ./Core/Src/controller.o
 .debug_macro   0x00018fde     0x1056 ./Core/Src/controller.o
 .debug_macro   0x0001a034       0x4a ./Core/Src/controller.o
 .debug_macro   0x0001a07e      0x170 ./Core/Src/controller.o
 .debug_macro   0x0001a1ee      0x115 ./Core/Src/controller.o
 .debug_macro   0x0001a303       0xfa ./Core/Src/controller.o
 .debug_macro   0x0001a3fd       0xa5 ./Core/Src/controller.o
 .debug_macro   0x0001a4a2      0x16a ./Core/Src/controller.o
 .debug_macro   0x0001a60c      0x287 ./Core/Src/controller.o
 .debug_macro   0x0001a893       0x5f ./Core/Src/controller.o
 .debug_macro   0x0001a8f2      0x236 ./Core/Src/controller.o
 .debug_macro   0x0001ab28      0x37c ./Core/Src/controller.o
 .debug_macro   0x0001aea4      0x16f ./Core/Src/controller.o
 .debug_macro   0x0001b013       0xf9 ./Core/Src/controller.o
 .debug_macro   0x0001b10c      0x126 ./Core/Src/controller.o
 .debug_macro   0x0001b232      0x216 ./Core/Src/controller.o
 .debug_macro   0x0001b448       0x2e ./Core/Src/controller.o
 .debug_macro   0x0001b476      0x113 ./Core/Src/controller.o
 .debug_macro   0x0001b589       0x22 ./Core/Src/controller.o
 .debug_macro   0x0001b5ab       0x82 ./Core/Src/controller.o
 .debug_macro   0x0001b62d      0x8ed ./Core/Src/controller.o
 .debug_macro   0x0001bf1a       0x4c ./Core/Src/controller.o
 .debug_macro   0x0001bf66      0x12d ./Core/Src/controller.o
 .debug_macro   0x0001c093       0xdc ./Core/Src/controller.o
 .debug_macro   0x0001c16f      0x1ef ./Core/Src/encoders.o
 .debug_macro   0x0001c35e      0x210 ./Core/Src/main.o
 .debug_macro   0x0001c56e       0x16 ./Core/Src/main.o
 .debug_macro   0x0001c584      0x1ee ./Core/Src/motors.o
 .debug_macro   0x0001c772      0x2a3 ./Core/Src/pid.o
 .debug_macro   0x0001ca15       0x61 ./Core/Src/pid.o
 .debug_macro   0x0001ca76       0x24 ./Core/Src/pid.o
 .debug_macro   0x0001ca9a       0x43 ./Core/Src/pid.o
 .debug_macro   0x0001cadd       0x34 ./Core/Src/pid.o
 .debug_macro   0x0001cb11       0x16 ./Core/Src/pid.o
 .debug_macro   0x0001cb27       0x43 ./Core/Src/pid.o
 .debug_macro   0x0001cb6a       0x34 ./Core/Src/pid.o
 .debug_macro   0x0001cb9e       0x10 ./Core/Src/pid.o
 .debug_macro   0x0001cbae       0x58 ./Core/Src/pid.o
 .debug_macro   0x0001cc06       0x8e ./Core/Src/pid.o
 .debug_macro   0x0001cc94       0x1c ./Core/Src/pid.o
 .debug_macro   0x0001ccb0      0x177 ./Core/Src/pid.o
 .debug_macro   0x0001ce27      0x369 ./Core/Src/pid.o
 .debug_macro   0x0001d190      0x19b ./Core/Src/pid.o
 .debug_macro   0x0001d32b      0x1e5 ./Core/Src/stm32f2xx_hal_msp.o
 .debug_macro   0x0001d510      0x1fd ./Core/Src/stm32f2xx_it.o
 .debug_macro   0x0001d70d      0x1d6 ./Core/Src/system_stm32f2xx.o
 .debug_macro   0x0001d8e3      0x1fd ./Core/Src/systick.o
 .debug_macro   0x0001dae0      0x224 ./Drivers/STM32F2xx_HAL_Driver/Src/stm32f2xx_hal.o
 .debug_macro   0x0001dd04      0x1d7 ./Drivers/STM32F2xx_HAL_Driver/Src/stm32f2xx_hal_adc.o
 .debug_macro   0x0001dedb      0x1d6 ./Drivers/STM32F2xx_HAL_Driver/Src/stm32f2xx_hal_cortex.o
 .debug_macro   0x0001e0b1      0x1dc ./Drivers/STM32F2xx_HAL_Driver/Src/stm32f2xx_hal_dma.o
 .debug_macro   0x0001e28d      0x1dd ./Drivers/STM32F2xx_HAL_Driver/Src/stm32f2xx_hal_gpio.o
 .debug_macro   0x0001e46a      0x200 ./Drivers/STM32F2xx_HAL_Driver/Src/stm32f2xx_hal_rcc.o
 .debug_macro   0x0001e66a      0x1d7 ./Drivers/STM32F2xx_HAL_Driver/Src/stm32f2xx_hal_tim.o
 .debug_macro   0x0001e841      0x1d6 ./Drivers/STM32F2xx_HAL_Driver/Src/stm32f2xx_hal_tim_ex.o

.debug_line     0x00000000     0xfd36
 .debug_line    0x00000000      0x845 ./Core/Src/controller.o
 .debug_line    0x00000845      0x827 ./Core/Src/encoders.o
 .debug_line    0x0000106c      0xaed ./Core/Src/main.o
 .debug_line    0x00001b59      0x894 ./Core/Src/motors.o
 .debug_line    0x000023ed      0xb24 ./Core/Src/pid.o
 .debug_line    0x00002f11      0x999 ./Core/Src/stm32f2xx_hal_msp.o
 .debug_line    0x000038aa      0x8ff ./Core/Src/stm32f2xx_it.o
 .debug_line    0x000041a9      0x863 ./Core/Src/system_stm32f2xx.o
 .debug_line    0x00004a0c      0x832 ./Core/Src/systick.o
 .debug_line    0x0000523e       0x7a ./Core/Startup/startup_stm32f205retx.o
 .debug_line    0x000052b8      0xb00 ./Drivers/STM32F2xx_HAL_Driver/Src/stm32f2xx_hal.o
 .debug_line    0x00005db8     0x125a ./Drivers/STM32F2xx_HAL_Driver/Src/stm32f2xx_hal_adc.o
 .debug_line    0x00007012      0xdab ./Drivers/STM32F2xx_HAL_Driver/Src/stm32f2xx_hal_cortex.o
 .debug_line    0x00007dbd     0x1044 ./Drivers/STM32F2xx_HAL_Driver/Src/stm32f2xx_hal_dma.o
 .debug_line    0x00008e01      0xc66 ./Drivers/STM32F2xx_HAL_Driver/Src/stm32f2xx_hal_gpio.o
 .debug_line    0x00009a67      0xf8f ./Drivers/STM32F2xx_HAL_Driver/Src/stm32f2xx_hal_rcc.o
 .debug_line    0x0000a9f6     0x3878 ./Drivers/STM32F2xx_HAL_Driver/Src/stm32f2xx_hal_tim.o
 .debug_line    0x0000e26e     0x1ac8 ./Drivers/STM32F2xx_HAL_Driver/Src/stm32f2xx_hal_tim_ex.o

.debug_str      0x00000000    0xba763
 .debug_str     0x00000000    0xb3493 ./Core/Src/controller.o
                              0xb370a (size before relaxing)
 .debug_str     0x000b3493       0x78 ./Core/Src/encoders.o
                              0xb3749 (size before relaxing)
 .debug_str     0x000b350b     0x1126 ./Core/Src/main.o
                              0xb4927 (size before relaxing)
 .debug_str     0x000b4631       0x4f ./Core/Src/motors.o
                              0xb375c (size before relaxing)
 .debug_str     0x000b4680     0x3a0e ./Core/Src/pid.o
                              0xb71cc (size before relaxing)
 .debug_str     0x000b808e      0x10a ./Core/Src/stm32f2xx_hal_msp.o
                              0xb454a (size before relaxing)
 .debug_str     0x000b8198      0x147 ./Core/Src/stm32f2xx_it.o
                              0xb3d0f (size before relaxing)
 .debug_str     0x000b82df       0x87 ./Core/Src/system_stm32f2xx.o
                              0xb33b7 (size before relaxing)
 .debug_str     0x000b8366       0x21 ./Core/Src/systick.o
                              0xb377f (size before relaxing)
 .debug_str     0x000b8387       0x44 ./Core/Startup/startup_stm32f205retx.o
                                 0x74 (size before relaxing)
 .debug_str     0x000b83cb      0x56d ./Drivers/STM32F2xx_HAL_Driver/Src/stm32f2xx_hal.o
                              0xb3ee2 (size before relaxing)
 .debug_str     0x000b8938      0x2c5 ./Drivers/STM32F2xx_HAL_Driver/Src/stm32f2xx_hal_adc.o
                              0xb39fe (size before relaxing)
 .debug_str     0x000b8bfd      0x3b7 ./Drivers/STM32F2xx_HAL_Driver/Src/stm32f2xx_hal_cortex.o
                              0xb3cd9 (size before relaxing)
 .debug_str     0x000b8fb4      0x2cf ./Drivers/STM32F2xx_HAL_Driver/Src/stm32f2xx_hal_dma.o
                              0xb3825 (size before relaxing)
 .debug_str     0x000b9283      0x11f ./Drivers/STM32F2xx_HAL_Driver/Src/stm32f2xx_hal_gpio.o
                              0xb3575 (size before relaxing)
 .debug_str     0x000b93a2      0x25c ./Drivers/STM32F2xx_HAL_Driver/Src/stm32f2xx_hal_rcc.o
                              0xb3869 (size before relaxing)
 .debug_str     0x000b95fe      0xcd2 ./Drivers/STM32F2xx_HAL_Driver/Src/stm32f2xx_hal_tim.o
                              0xb4795 (size before relaxing)
 .debug_str     0x000ba2d0      0x493 ./Drivers/STM32F2xx_HAL_Driver/Src/stm32f2xx_hal_tim_ex.o
                              0xb3fa1 (size before relaxing)

.comment        0x00000000       0x43
 .comment       0x00000000       0x43 ./Core/Src/controller.o
                                 0x44 (size before relaxing)
 .comment       0x00000043       0x44 ./Core/Src/encoders.o
 .comment       0x00000043       0x44 ./Core/Src/main.o
 .comment       0x00000043       0x44 ./Core/Src/motors.o
 .comment       0x00000043       0x44 ./Core/Src/pid.o
 .comment       0x00000043       0x44 ./Core/Src/stm32f2xx_hal_msp.o
 .comment       0x00000043       0x44 ./Core/Src/stm32f2xx_it.o
 .comment       0x00000043       0x44 ./Core/Src/system_stm32f2xx.o
 .comment       0x00000043       0x44 ./Core/Src/systick.o
 .comment       0x00000043       0x44 ./Drivers/STM32F2xx_HAL_Driver/Src/stm32f2xx_hal.o
 .comment       0x00000043       0x44 ./Drivers/STM32F2xx_HAL_Driver/Src/stm32f2xx_hal_adc.o
 .comment       0x00000043       0x44 ./Drivers/STM32F2xx_HAL_Driver/Src/stm32f2xx_hal_cortex.o
 .comment       0x00000043       0x44 ./Drivers/STM32F2xx_HAL_Driver/Src/stm32f2xx_hal_dma.o
 .comment       0x00000043       0x44 ./Drivers/STM32F2xx_HAL_Driver/Src/stm32f2xx_hal_gpio.o
 .comment       0x00000043       0x44 ./Drivers/STM32F2xx_HAL_Driver/Src/stm32f2xx_hal_rcc.o
 .comment       0x00000043       0x44 ./Drivers/STM32F2xx_HAL_Driver/Src/stm32f2xx_hal_tim.o
 .comment       0x00000043       0x44 ./Drivers/STM32F2xx_HAL_Driver/Src/stm32f2xx_hal_tim_ex.o

.debug_frame    0x00000000     0x34b4
 .debug_frame   0x00000000       0x58 ./Core/Src/controller.o
 .debug_frame   0x00000058       0x70 ./Core/Src/encoders.o
 .debug_frame   0x000000c8      0x164 ./Core/Src/main.o
 .debug_frame   0x0000022c       0xa0 ./Core/Src/motors.o
 .debug_frame   0x000002cc       0xc4 ./Core/Src/pid.o
 .debug_frame   0x00000390      0x134 ./Core/Src/stm32f2xx_hal_msp.o
 .debug_frame   0x000004c4      0x158 ./Core/Src/stm32f2xx_it.o
 .debug_frame   0x0000061c       0x58 ./Core/Src/system_stm32f2xx.o
 .debug_frame   0x00000674       0x38 ./Core/Src/systick.o
 .debug_frame   0x000006ac      0x384 ./Drivers/STM32F2xx_HAL_Driver/Src/stm32f2xx_hal.o
 .debug_frame   0x00000a30      0x3fc ./Drivers/STM32F2xx_HAL_Driver/Src/stm32f2xx_hal_adc.o
 .debug_frame   0x00000e2c      0x4e8 ./Drivers/STM32F2xx_HAL_Driver/Src/stm32f2xx_hal_cortex.o
 .debug_frame   0x00001314      0x250 ./Drivers/STM32F2xx_HAL_Driver/Src/stm32f2xx_hal_dma.o
 .debug_frame   0x00001564      0x14c ./Drivers/STM32F2xx_HAL_Driver/Src/stm32f2xx_hal_gpio.o
 .debug_frame   0x000016b0      0x208 ./Drivers/STM32F2xx_HAL_Driver/Src/stm32f2xx_hal_rcc.o
 .debug_frame   0x000018b8     0x11c0 ./Drivers/STM32F2xx_HAL_Driver/Src/stm32f2xx_hal_tim.o
 .debug_frame   0x00002a78      0x638 ./Drivers/STM32F2xx_HAL_Driver/Src/stm32f2xx_hal_tim_ex.o
 .debug_frame   0x000030b0       0x20 C:/Users/priya/Desktop/STM32CubeIDE_1.16.1/STM32CubeIDE/plugins/com.st.stm32cube.ide.mcu.externaltools.gnu-tools-for-stm32.12.3.rel1.win32_1.0.200.202406191623/tools/bin/../lib/gcc/arm-none-eabi/12.3.1/../../../../arm-none-eabi/lib/thumb/v7-m/nofp\libc_nano.a(libc_a-memset.o)
 .debug_frame   0x000030d0       0x2c C:/Users/priya/Desktop/STM32CubeIDE_1.16.1/STM32CubeIDE/plugins/com.st.stm32cube.ide.mcu.externaltools.gnu-tools-for-stm32.12.3.rel1.win32_1.0.200.202406191623/tools/bin/../lib/gcc/arm-none-eabi/12.3.1/../../../../arm-none-eabi/lib/thumb/v7-m/nofp\libc_nano.a(libc_a-init.o)
 .debug_frame   0x000030fc       0x30 C:/Users/priya/Desktop/STM32CubeIDE_1.16.1/STM32CubeIDE/plugins/com.st.stm32cube.ide.mcu.externaltools.gnu-tools-for-stm32.12.3.rel1.win32_1.0.200.202406191623/tools/bin/../lib/gcc/arm-none-eabi/12.3.1/thumb/v7-m/nofp\libgcc.a(_arm_muldf3.o)
 .debug_frame   0x0000312c       0xac C:/Users/priya/Desktop/STM32CubeIDE_1.16.1/STM32CubeIDE/plugins/com.st.stm32cube.ide.mcu.externaltools.gnu-tools-for-stm32.12.3.rel1.win32_1.0.200.202406191623/tools/bin/../lib/gcc/arm-none-eabi/12.3.1/thumb/v7-m/nofp\libgcc.a(_arm_addsubdf3.o)
 .debug_frame   0x000031d8       0xc4 C:/Users/priya/Desktop/STM32CubeIDE_1.16.1/STM32CubeIDE/plugins/com.st.stm32cube.ide.mcu.externaltools.gnu-tools-for-stm32.12.3.rel1.win32_1.0.200.202406191623/tools/bin/../lib/gcc/arm-none-eabi/12.3.1/thumb/v7-m/nofp\libgcc.a(_arm_cmpdf2.o)
 .debug_frame   0x0000329c       0x24 C:/Users/priya/Desktop/STM32CubeIDE_1.16.1/STM32CubeIDE/plugins/com.st.stm32cube.ide.mcu.externaltools.gnu-tools-for-stm32.12.3.rel1.win32_1.0.200.202406191623/tools/bin/../lib/gcc/arm-none-eabi/12.3.1/thumb/v7-m/nofp\libgcc.a(_arm_truncdfsf2.o)
 .debug_frame   0x000032c0       0x4c C:/Users/priya/Desktop/STM32CubeIDE_1.16.1/STM32CubeIDE/plugins/com.st.stm32cube.ide.mcu.externaltools.gnu-tools-for-stm32.12.3.rel1.win32_1.0.200.202406191623/tools/bin/../lib/gcc/arm-none-eabi/12.3.1/thumb/v7-m/nofp\libgcc.a(_arm_addsubsf3.o)
 .debug_frame   0x0000330c       0x38 C:/Users/priya/Desktop/STM32CubeIDE_1.16.1/STM32CubeIDE/plugins/com.st.stm32cube.ide.mcu.externaltools.gnu-tools-for-stm32.12.3.rel1.win32_1.0.200.202406191623/tools/bin/../lib/gcc/arm-none-eabi/12.3.1/thumb/v7-m/nofp\libgcc.a(_arm_muldivsf3.o)
 .debug_frame   0x00003344       0xc8 C:/Users/priya/Desktop/STM32CubeIDE_1.16.1/STM32CubeIDE/plugins/com.st.stm32cube.ide.mcu.externaltools.gnu-tools-for-stm32.12.3.rel1.win32_1.0.200.202406191623/tools/bin/../lib/gcc/arm-none-eabi/12.3.1/thumb/v7-m/nofp\libgcc.a(_arm_cmpsf2.o)
 .debug_frame   0x0000340c       0x24 C:/Users/priya/Desktop/STM32CubeIDE_1.16.1/STM32CubeIDE/plugins/com.st.stm32cube.ide.mcu.externaltools.gnu-tools-for-stm32.12.3.rel1.win32_1.0.200.202406191623/tools/bin/../lib/gcc/arm-none-eabi/12.3.1/thumb/v7-m/nofp\libgcc.a(_arm_fixsfsi.o)
 .debug_frame   0x00003430       0x24 C:/Users/priya/Desktop/STM32CubeIDE_1.16.1/STM32CubeIDE/plugins/com.st.stm32cube.ide.mcu.externaltools.gnu-tools-for-stm32.12.3.rel1.win32_1.0.200.202406191623/tools/bin/../lib/gcc/arm-none-eabi/12.3.1/thumb/v7-m/nofp\libgcc.a(_arm_fixunssfsi.o)
 .debug_frame   0x00003454       0x2c C:/Users/priya/Desktop/STM32CubeIDE_1.16.1/STM32CubeIDE/plugins/com.st.stm32cube.ide.mcu.externaltools.gnu-tools-for-stm32.12.3.rel1.win32_1.0.200.202406191623/tools/bin/../lib/gcc/arm-none-eabi/12.3.1/thumb/v7-m/nofp\libgcc.a(_aeabi_uldivmod.o)
 .debug_frame   0x00003480       0x34 C:/Users/priya/Desktop/STM32CubeIDE_1.16.1/STM32CubeIDE/plugins/com.st.stm32cube.ide.mcu.externaltools.gnu-tools-for-stm32.12.3.rel1.win32_1.0.200.202406191623/tools/bin/../lib/gcc/arm-none-eabi/12.3.1/thumb/v7-m/nofp\libgcc.a(_udivmoddi4.o)

.debug_line_str
                0x00000000       0x58
 .debug_line_str
                0x00000000       0x58 ./Core/Startup/startup_stm32f205retx.o
