../Core/Src/main.c:83:5:main	8	static
../Core/Src/main.c:177:6:SystemClock_Config	80	static
../Core/Src/main.c:214:13:MX_ADC1_Init	24	static
../Core/Src/main.c:266:13:MX_TIM1_Init	56	static
../Core/Src/main.c:316:13:MX_TIM2_Init	56	static
../Core/Src/main.c:365:13:MX_TIM3_Init	48	static
../Core/Src/main.c:414:13:MX_TIM4_Init	48	static
../Core/Src/main.c:469:13:MX_DMA_Init	16	static
../Core/Src/main.c:487:13:MX_GPIO_Init	40	static
../Core/Src/main.c:541:6:Error_Handler	4	static,ignoring_inline_asm
