../Core/Src/main.c:83:5:main	8	static
../Core/Src/main.c:188:6:SystemClock_Config	80	static
../Core/Src/main.c:225:13:MX_ADC1_Init	24	static
../Core/Src/main.c:277:13:MX_TIM1_Init	56	static
../Core/Src/main.c:327:13:MX_TIM2_Init	56	static
../Core/Src/main.c:376:13:MX_TIM3_Init	48	static
../Core/Src/main.c:425:13:MX_TIM4_Init	48	static
../Core/Src/main.c:480:13:MX_DMA_Init	16	static
../Core/Src/main.c:498:13:MX_GPIO_Init	40	static
../Core/Src/main.c:545:20:Get_HADC1_Ptr	4	static
../Core/Src/main.c:557:6:Error_Handler	4	static,ignoring_inline_asm
